[0.058s] DEBUG:colcon:Command line arguments: ['/usr/bin/colcon', 'build', '--symlink-install']
[0.058s] DEBUG:colcon:Parsed command line arguments: Namespace(log_base=None, log_level=None, verb_name='build', build_base='build', install_base='install', merge_install=False, symlink_install=True, test_result_base=None, continue_on_error=False, executor='parallel', parallel_workers=20, event_handlers=None, ignore_user_meta=False, metas=['./colcon.meta'], base_paths=['.'], packages_ignore=None, packages_ignore_regex=None, paths=None, packages_up_to=None, packages_up_to_regex=None, packages_above=None, packages_above_and_dependencies=None, packages_above_depth=None, packages_select_by_dep=None, packages_skip_by_dep=None, packages_skip_up_to=None, packages_select_build_failed=False, packages_skip_build_finished=False, packages_select_test_failures=False, packages_skip_test_passed=False, packages_select=None, packages_skip=None, packages_select_regex=None, packages_skip_regex=None, packages_start=None, packages_end=None, allow_overriding=[], cmake_args=None, cmake_target=None, cmake_target_skip_unavailable=False, cmake_clean_cache=False, cmake_clean_first=False, cmake_force_configure=False, ament_cmake_args=None, catkin_cmake_args=None, catkin_skip_building_tests=False, verb_parser=<colcon_defaults.argument_parser.defaults.DefaultArgumentsDecorator object at 0x788f187a1550>, verb_extension=<colcon_core.verb.build.BuildVerb object at 0x788f188c1610>, main=<bound method BuildVerb.main of <colcon_core.verb.build.BuildVerb object at 0x788f188c1610>>)
[0.080s] Level 1:colcon.colcon_core.package_discovery:discover_packages(colcon_meta) check parameters
[0.080s] Level 1:colcon.colcon_core.package_discovery:discover_packages(recursive) check parameters
[0.080s] Level 1:colcon.colcon_core.package_discovery:discover_packages(ignore) check parameters
[0.080s] Level 1:colcon.colcon_core.package_discovery:discover_packages(path) check parameters
[0.080s] Level 1:colcon.colcon_core.package_discovery:discover_packages(colcon_meta) discover
[0.080s] Level 1:colcon.colcon_core.package_discovery:discover_packages(recursive) discover
[0.080s] INFO:colcon.colcon_core.package_discovery:Crawling recursively for packages in '/home/quanser/Documents/Quanser_Academic_Resources/5_research/qarm/ROS Examples/ros2'
[0.080s] Level 1:colcon.colcon_core.package_identification:_identify(.) by extensions ['ignore', 'ignore_ament_install']
[0.080s] Level 1:colcon.colcon_core.package_identification:_identify(.) by extension 'ignore'
[0.080s] Level 1:colcon.colcon_core.package_identification:_identify(.) by extension 'ignore_ament_install'
[0.080s] Level 1:colcon.colcon_core.package_identification:_identify(.) by extensions ['colcon_pkg']
[0.080s] Level 1:colcon.colcon_core.package_identification:_identify(.) by extension 'colcon_pkg'
[0.080s] Level 1:colcon.colcon_core.package_identification:_identify(.) by extensions ['colcon_meta']
[0.080s] Level 1:colcon.colcon_core.package_identification:_identify(.) by extension 'colcon_meta'
[0.080s] Level 1:colcon.colcon_core.package_identification:_identify(.) by extensions ['ros']
[0.080s] Level 1:colcon.colcon_core.package_identification:_identify(.) by extension 'ros'
[0.095s] Level 1:colcon.colcon_core.package_identification:_identify(.) by extensions ['cmake', 'python']
[0.095s] Level 1:colcon.colcon_core.package_identification:_identify(.) by extension 'cmake'
[0.096s] Level 1:colcon.colcon_core.package_identification:_identify(.) by extension 'python'
[0.096s] Level 1:colcon.colcon_core.package_identification:_identify(.) by extensions ['python_setup_py']
[0.096s] Level 1:colcon.colcon_core.package_identification:_identify(.) by extension 'python_setup_py'
[0.096s] Level 1:colcon.colcon_core.package_identification:_identify(build) by extensions ['ignore', 'ignore_ament_install']
[0.096s] Level 1:colcon.colcon_core.package_identification:_identify(build) by extension 'ignore'
[0.096s] Level 1:colcon.colcon_core.package_identification:_identify(build) ignored
[0.096s] Level 1:colcon.colcon_core.package_identification:_identify(install) by extensions ['ignore', 'ignore_ament_install']
[0.096s] Level 1:colcon.colcon_core.package_identification:_identify(install) by extension 'ignore'
[0.096s] Level 1:colcon.colcon_core.package_identification:_identify(install) ignored
[0.096s] Level 1:colcon.colcon_core.package_identification:_identify(log) by extensions ['ignore', 'ignore_ament_install']
[0.096s] Level 1:colcon.colcon_core.package_identification:_identify(log) by extension 'ignore'
[0.096s] Level 1:colcon.colcon_core.package_identification:_identify(log) ignored
[0.096s] Level 1:colcon.colcon_core.package_identification:_identify(src) by extensions ['ignore', 'ignore_ament_install']
[0.096s] Level 1:colcon.colcon_core.package_identification:_identify(src) by extension 'ignore'
[0.096s] Level 1:colcon.colcon_core.package_identification:_identify(src) by extension 'ignore_ament_install'
[0.096s] Level 1:colcon.colcon_core.package_identification:_identify(src) by extensions ['colcon_pkg']
[0.096s] Level 1:colcon.colcon_core.package_identification:_identify(src) by extension 'colcon_pkg'
[0.096s] Level 1:colcon.colcon_core.package_identification:_identify(src) by extensions ['colcon_meta']
[0.096s] Level 1:colcon.colcon_core.package_identification:_identify(src) by extension 'colcon_meta'
[0.096s] Level 1:colcon.colcon_core.package_identification:_identify(src) by extensions ['ros']
[0.096s] Level 1:colcon.colcon_core.package_identification:_identify(src) by extension 'ros'
[0.096s] Level 1:colcon.colcon_core.package_identification:_identify(src) by extensions ['cmake', 'python']
[0.096s] Level 1:colcon.colcon_core.package_identification:_identify(src) by extension 'cmake'
[0.096s] Level 1:colcon.colcon_core.package_identification:_identify(src) by extension 'python'
[0.096s] Level 1:colcon.colcon_core.package_identification:_identify(src) by extensions ['python_setup_py']
[0.096s] Level 1:colcon.colcon_core.package_identification:_identify(src) by extension 'python_setup_py'
[0.096s] Level 1:colcon.colcon_core.package_identification:_identify(src/qarm_interfaces) by extensions ['ignore', 'ignore_ament_install']
[0.096s] Level 1:colcon.colcon_core.package_identification:_identify(src/qarm_interfaces) by extension 'ignore'
[0.096s] Level 1:colcon.colcon_core.package_identification:_identify(src/qarm_interfaces) by extension 'ignore_ament_install'
[0.096s] Level 1:colcon.colcon_core.package_identification:_identify(src/qarm_interfaces) by extensions ['colcon_pkg']
[0.096s] Level 1:colcon.colcon_core.package_identification:_identify(src/qarm_interfaces) by extension 'colcon_pkg'
[0.096s] Level 1:colcon.colcon_core.package_identification:_identify(src/qarm_interfaces) by extensions ['colcon_meta']
[0.096s] Level 1:colcon.colcon_core.package_identification:_identify(src/qarm_interfaces) by extension 'colcon_meta'
[0.096s] Level 1:colcon.colcon_core.package_identification:_identify(src/qarm_interfaces) by extensions ['ros']
[0.096s] Level 1:colcon.colcon_core.package_identification:_identify(src/qarm_interfaces) by extension 'ros'
[0.098s] DEBUG:colcon.colcon_core.package_identification:Package 'src/qarm_interfaces' with type 'ros.ament_cmake' and name 'qarm_interfaces'
[0.098s] Level 1:colcon.colcon_core.package_identification:_identify(src/qarm_nodes) by extensions ['ignore', 'ignore_ament_install']
[0.098s] Level 1:colcon.colcon_core.package_identification:_identify(src/qarm_nodes) by extension 'ignore'
[0.098s] Level 1:colcon.colcon_core.package_identification:_identify(src/qarm_nodes) by extension 'ignore_ament_install'
[0.098s] Level 1:colcon.colcon_core.package_identification:_identify(src/qarm_nodes) by extensions ['colcon_pkg']
[0.098s] Level 1:colcon.colcon_core.package_identification:_identify(src/qarm_nodes) by extension 'colcon_pkg'
[0.098s] Level 1:colcon.colcon_core.package_identification:_identify(src/qarm_nodes) by extensions ['colcon_meta']
[0.098s] Level 1:colcon.colcon_core.package_identification:_identify(src/qarm_nodes) by extension 'colcon_meta'
[0.098s] Level 1:colcon.colcon_core.package_identification:_identify(src/qarm_nodes) by extensions ['ros']
[0.098s] Level 1:colcon.colcon_core.package_identification:_identify(src/qarm_nodes) by extension 'ros'
[0.099s] DEBUG:colcon.colcon_core.package_identification:Package 'src/qarm_nodes' with type 'ros.ament_python' and name 'qarm_nodes'
[0.099s] Level 1:colcon.colcon_core.package_discovery:discover_packages(recursive) using defaults
[0.099s] Level 1:colcon.colcon_core.package_discovery:discover_packages(ignore) discover
[0.099s] Level 1:colcon.colcon_core.package_discovery:discover_packages(ignore) using defaults
[0.099s] Level 1:colcon.colcon_core.package_discovery:discover_packages(path) discover
[0.099s] Level 1:colcon.colcon_core.package_discovery:discover_packages(path) using defaults
[0.109s] Level 1:colcon.colcon_core.package_discovery:discover_packages(prefix_path) check parameters
[0.109s] Level 1:colcon.colcon_core.package_discovery:discover_packages(prefix_path) discover
[0.110s] DEBUG:colcon.colcon_installed_package_information.package_discovery:Found 2 installed packages in /home/quanser/Documents/Quanser_Academic_Resources/5_research/qarm/ROS Examples/ros2/install
[0.111s] DEBUG:colcon.colcon_installed_package_information.package_discovery:Found 295 installed packages in /opt/ros/kilted
[0.111s] Level 1:colcon.colcon_core.package_discovery:discover_packages(prefix_path) using defaults
[0.131s] Level 5:colcon.colcon_core.verb:set package 'qarm_interfaces' build argument 'cmake_args' from command line to 'None'
[0.131s] Level 5:colcon.colcon_core.verb:set package 'qarm_interfaces' build argument 'cmake_target' from command line to 'None'
[0.131s] Level 5:colcon.colcon_core.verb:set package 'qarm_interfaces' build argument 'cmake_target_skip_unavailable' from command line to 'False'
[0.131s] Level 5:colcon.colcon_core.verb:set package 'qarm_interfaces' build argument 'cmake_clean_cache' from command line to 'False'
[0.131s] Level 5:colcon.colcon_core.verb:set package 'qarm_interfaces' build argument 'cmake_clean_first' from command line to 'False'
[0.131s] Level 5:colcon.colcon_core.verb:set package 'qarm_interfaces' build argument 'cmake_force_configure' from command line to 'False'
[0.131s] Level 5:colcon.colcon_core.verb:set package 'qarm_interfaces' build argument 'ament_cmake_args' from command line to 'None'
[0.131s] Level 5:colcon.colcon_core.verb:set package 'qarm_interfaces' build argument 'catkin_cmake_args' from command line to 'None'
[0.131s] Level 5:colcon.colcon_core.verb:set package 'qarm_interfaces' build argument 'catkin_skip_building_tests' from command line to 'False'
[0.131s] DEBUG:colcon.colcon_core.verb:Building package 'qarm_interfaces' with the following arguments: {'ament_cmake_args': None, 'build_base': '/home/quanser/Documents/Quanser_Academic_Resources/5_research/qarm/ROS Examples/ros2/build/qarm_interfaces', 'catkin_cmake_args': None, 'catkin_skip_building_tests': False, 'cmake_args': None, 'cmake_clean_cache': False, 'cmake_clean_first': False, 'cmake_force_configure': False, 'cmake_target': None, 'cmake_target_skip_unavailable': False, 'install_base': '/home/quanser/Documents/Quanser_Academic_Resources/5_research/qarm/ROS Examples/ros2/install/qarm_interfaces', 'merge_install': False, 'path': '/home/quanser/Documents/Quanser_Academic_Resources/5_research/qarm/ROS Examples/ros2/src/qarm_interfaces', 'symlink_install': True, 'test_result_base': None}
[0.131s] Level 5:colcon.colcon_core.verb:set package 'qarm_nodes' build argument 'cmake_args' from command line to 'None'
[0.131s] Level 5:colcon.colcon_core.verb:set package 'qarm_nodes' build argument 'cmake_target' from command line to 'None'
[0.131s] Level 5:colcon.colcon_core.verb:set package 'qarm_nodes' build argument 'cmake_target_skip_unavailable' from command line to 'False'
[0.131s] Level 5:colcon.colcon_core.verb:set package 'qarm_nodes' build argument 'cmake_clean_cache' from command line to 'False'
[0.131s] Level 5:colcon.colcon_core.verb:set package 'qarm_nodes' build argument 'cmake_clean_first' from command line to 'False'
[0.131s] Level 5:colcon.colcon_core.verb:set package 'qarm_nodes' build argument 'cmake_force_configure' from command line to 'False'
[0.131s] Level 5:colcon.colcon_core.verb:set package 'qarm_nodes' build argument 'ament_cmake_args' from command line to 'None'
[0.131s] Level 5:colcon.colcon_core.verb:set package 'qarm_nodes' build argument 'catkin_cmake_args' from command line to 'None'
[0.131s] Level 5:colcon.colcon_core.verb:set package 'qarm_nodes' build argument 'catkin_skip_building_tests' from command line to 'False'
[0.131s] DEBUG:colcon.colcon_core.verb:Building package 'qarm_nodes' with the following arguments: {'ament_cmake_args': None, 'build_base': '/home/quanser/Documents/Quanser_Academic_Resources/5_research/qarm/ROS Examples/ros2/build/qarm_nodes', 'catkin_cmake_args': None, 'catkin_skip_building_tests': False, 'cmake_args': None, 'cmake_clean_cache': False, 'cmake_clean_first': False, 'cmake_force_configure': False, 'cmake_target': None, 'cmake_target_skip_unavailable': False, 'install_base': '/home/quanser/Documents/Quanser_Academic_Resources/5_research/qarm/ROS Examples/ros2/install/qarm_nodes', 'merge_install': False, 'path': '/home/quanser/Documents/Quanser_Academic_Resources/5_research/qarm/ROS Examples/ros2/src/qarm_nodes', 'symlink_install': True, 'test_result_base': None}
[0.131s] INFO:colcon.colcon_core.executor:Executing jobs using 'parallel' executor
[0.132s] DEBUG:colcon.colcon_parallel_executor.executor.parallel:run_until_complete
[0.132s] INFO:colcon.colcon_ros.task.ament_cmake.build:Building ROS package in '/home/quanser/Documents/Quanser_Academic_Resources/5_research/qarm/ROS Examples/ros2/src/qarm_interfaces' with build type 'ament_cmake'
[0.132s] INFO:colcon.colcon_cmake.task.cmake.build:Building CMake package in '/home/quanser/Documents/Quanser_Academic_Resources/5_research/qarm/ROS Examples/ros2/src/qarm_interfaces'
[0.133s] INFO:colcon.colcon_core.plugin_system:Skipping extension 'colcon_core.shell.bat': Not used on non-Windows systems
[0.133s] INFO:colcon.colcon_core.shell:Skip shell extension 'powershell' for command environment: Not usable outside of PowerShell
[0.133s] DEBUG:colcon.colcon_core.shell:Skip shell extension 'dsv' for command environment
[0.139s] DEBUG:colcon.colcon_core.event_handler.log_command:Invoking command in '/home/quanser/Documents/Quanser_Academic_Resources/5_research/qarm/ROS Examples/ros2/build/qarm_interfaces': CMAKE_PREFIX_PATH=${CMAKE_PREFIX_PATH}:/home/quanser/Documents/Quanser_Academic_Resources/5_research/qarm/ROS Examples/ros2/install/qarm_nodes:/opt/ros/kilted DEBUGINFOD_URLS=https://debuginfod.ubuntu.com /usr/bin/cmake --build /home/quanser/Documents/Quanser_Academic_Resources/5_research/qarm/ROS Examples/ros2/build/qarm_interfaces -- -j20 -l20
[0.365s] DEBUG:colcon.colcon_core.event_handler.log_command:Invoked command in '/home/quanser/Documents/Quanser_Academic_Resources/5_research/qarm/ROS Examples/ros2/build/qarm_interfaces' returned '0': CMAKE_PREFIX_PATH=${CMAKE_PREFIX_PATH}:/home/quanser/Documents/Quanser_Academic_Resources/5_research/qarm/ROS Examples/ros2/install/qarm_nodes:/opt/ros/kilted DEBUGINFOD_URLS=https://debuginfod.ubuntu.com /usr/bin/cmake --build /home/quanser/Documents/Quanser_Academic_Resources/5_research/qarm/ROS Examples/ros2/build/qarm_interfaces -- -j20 -l20
[0.371s] DEBUG:colcon.colcon_core.event_handler.log_command:Invoking command in '/home/quanser/Documents/Quanser_Academic_Resources/5_research/qarm/ROS Examples/ros2/build/qarm_interfaces': CMAKE_PREFIX_PATH=${CMAKE_PREFIX_PATH}:/home/quanser/Documents/Quanser_Academic_Resources/5_research/qarm/ROS Examples/ros2/install/qarm_nodes:/opt/ros/kilted DEBUGINFOD_URLS=https://debuginfod.ubuntu.com /usr/bin/cmake --install /home/quanser/Documents/Quanser_Academic_Resources/5_research/qarm/ROS Examples/ros2/build/qarm_interfaces
[0.416s] Level 1:colcon.colcon_core.environment:create_environment_scripts_only(qarm_interfaces)
[0.416s] DEBUG:colcon.colcon_core.event_handler.log_command:Invoked command in '/home/quanser/Documents/Quanser_Academic_Resources/5_research/qarm/ROS Examples/ros2/build/qarm_interfaces' returned '0': CMAKE_PREFIX_PATH=${CMAKE_PREFIX_PATH}:/home/quanser/Documents/Quanser_Academic_Resources/5_research/qarm/ROS Examples/ros2/install/qarm_nodes:/opt/ros/kilted DEBUGINFOD_URLS=https://debuginfod.ubuntu.com /usr/bin/cmake --install /home/quanser/Documents/Quanser_Academic_Resources/5_research/qarm/ROS Examples/ros2/build/qarm_interfaces
[0.417s] Level 1:colcon.colcon_core.environment:checking '/home/quanser/Documents/Quanser_Academic_Resources/5_research/qarm/ROS Examples/ros2/install/qarm_interfaces' for CMake module files
[0.418s] Level 1:colcon.colcon_core.environment:checking '/home/quanser/Documents/Quanser_Academic_Resources/5_research/qarm/ROS Examples/ros2/install/qarm_interfaces' for CMake config files
[0.418s] Level 1:colcon.colcon_core.shell:create_environment_hook('qarm_interfaces', 'cmake_prefix_path')
[0.418s] INFO:colcon.colcon_core.shell:Creating environment hook '/home/quanser/Documents/Quanser_Academic_Resources/5_research/qarm/ROS Examples/ros2/install/qarm_interfaces/share/qarm_interfaces/hook/cmake_prefix_path.ps1'
[0.418s] INFO:colcon.colcon_core.shell:Creating environment descriptor '/home/quanser/Documents/Quanser_Academic_Resources/5_research/qarm/ROS Examples/ros2/install/qarm_interfaces/share/qarm_interfaces/hook/cmake_prefix_path.dsv'
[0.419s] INFO:colcon.colcon_core.shell:Creating environment hook '/home/quanser/Documents/Quanser_Academic_Resources/5_research/qarm/ROS Examples/ros2/install/qarm_interfaces/share/qarm_interfaces/hook/cmake_prefix_path.sh'
[0.419s] Level 1:colcon.colcon_core.environment:checking '/home/quanser/Documents/Quanser_Academic_Resources/5_research/qarm/ROS Examples/ros2/install/qarm_interfaces/lib'
[0.419s] Level 1:colcon.colcon_core.shell:create_environment_hook('qarm_interfaces', 'ld_library_path_lib')
[0.419s] INFO:colcon.colcon_core.shell:Creating environment hook '/home/quanser/Documents/Quanser_Academic_Resources/5_research/qarm/ROS Examples/ros2/install/qarm_interfaces/share/qarm_interfaces/hook/ld_library_path_lib.ps1'
[0.419s] INFO:colcon.colcon_core.shell:Creating environment descriptor '/home/quanser/Documents/Quanser_Academic_Resources/5_research/qarm/ROS Examples/ros2/install/qarm_interfaces/share/qarm_interfaces/hook/ld_library_path_lib.dsv'
[0.420s] INFO:colcon.colcon_core.shell:Creating environment hook '/home/quanser/Documents/Quanser_Academic_Resources/5_research/qarm/ROS Examples/ros2/install/qarm_interfaces/share/qarm_interfaces/hook/ld_library_path_lib.sh'
[0.420s] Level 1:colcon.colcon_core.environment:checking '/home/quanser/Documents/Quanser_Academic_Resources/5_research/qarm/ROS Examples/ros2/install/qarm_interfaces/bin'
[0.420s] Level 1:colcon.colcon_core.environment:checking '/home/quanser/Documents/Quanser_Academic_Resources/5_research/qarm/ROS Examples/ros2/install/qarm_interfaces/lib/pkgconfig/qarm_interfaces.pc'
[0.420s] Level 1:colcon.colcon_core.environment:checking '/home/quanser/Documents/Quanser_Academic_Resources/5_research/qarm/ROS Examples/ros2/install/qarm_interfaces/lib/python3.12/site-packages'
[0.420s] Level 1:colcon.colcon_core.shell:create_environment_hook('qarm_interfaces', 'pythonpath')
[0.420s] INFO:colcon.colcon_core.shell:Creating environment hook '/home/quanser/Documents/Quanser_Academic_Resources/5_research/qarm/ROS Examples/ros2/install/qarm_interfaces/share/qarm_interfaces/hook/pythonpath.ps1'
[0.420s] INFO:colcon.colcon_core.shell:Creating environment descriptor '/home/quanser/Documents/Quanser_Academic_Resources/5_research/qarm/ROS Examples/ros2/install/qarm_interfaces/share/qarm_interfaces/hook/pythonpath.dsv'
[0.420s] INFO:colcon.colcon_core.shell:Creating environment hook '/home/quanser/Documents/Quanser_Academic_Resources/5_research/qarm/ROS Examples/ros2/install/qarm_interfaces/share/qarm_interfaces/hook/pythonpath.sh'
[0.421s] Level 1:colcon.colcon_core.environment:checking '/home/quanser/Documents/Quanser_Academic_Resources/5_research/qarm/ROS Examples/ros2/install/qarm_interfaces/bin'
[0.421s] INFO:colcon.colcon_core.shell:Creating package script '/home/quanser/Documents/Quanser_Academic_Resources/5_research/qarm/ROS Examples/ros2/install/qarm_interfaces/share/qarm_interfaces/package.ps1'
[0.421s] INFO:colcon.colcon_core.shell:Creating package descriptor '/home/quanser/Documents/Quanser_Academic_Resources/5_research/qarm/ROS Examples/ros2/install/qarm_interfaces/share/qarm_interfaces/package.dsv'
[0.422s] INFO:colcon.colcon_core.shell:Creating package script '/home/quanser/Documents/Quanser_Academic_Resources/5_research/qarm/ROS Examples/ros2/install/qarm_interfaces/share/qarm_interfaces/package.sh'
[0.422s] INFO:colcon.colcon_core.shell:Creating package script '/home/quanser/Documents/Quanser_Academic_Resources/5_research/qarm/ROS Examples/ros2/install/qarm_interfaces/share/qarm_interfaces/package.bash'
[0.422s] INFO:colcon.colcon_core.shell:Creating package script '/home/quanser/Documents/Quanser_Academic_Resources/5_research/qarm/ROS Examples/ros2/install/qarm_interfaces/share/qarm_interfaces/package.zsh'
[0.423s] Level 1:colcon.colcon_core.environment:create_file_with_runtime_dependencies(/home/quanser/Documents/Quanser_Academic_Resources/5_research/qarm/ROS Examples/ros2/install/qarm_interfaces/share/colcon-core/packages/qarm_interfaces)
[0.423s] Level 1:colcon.colcon_core.environment:create_environment_scripts_only(qarm_interfaces)
[0.423s] Level 1:colcon.colcon_core.environment:checking '/home/quanser/Documents/Quanser_Academic_Resources/5_research/qarm/ROS Examples/ros2/install/qarm_interfaces' for CMake module files
[0.423s] Level 1:colcon.colcon_core.environment:checking '/home/quanser/Documents/Quanser_Academic_Resources/5_research/qarm/ROS Examples/ros2/install/qarm_interfaces' for CMake config files
[0.424s] Level 1:colcon.colcon_core.shell:create_environment_hook('qarm_interfaces', 'cmake_prefix_path')
[0.424s] INFO:colcon.colcon_core.shell:Creating environment hook '/home/quanser/Documents/Quanser_Academic_Resources/5_research/qarm/ROS Examples/ros2/install/qarm_interfaces/share/qarm_interfaces/hook/cmake_prefix_path.ps1'
[0.424s] INFO:colcon.colcon_core.shell:Creating environment descriptor '/home/quanser/Documents/Quanser_Academic_Resources/5_research/qarm/ROS Examples/ros2/install/qarm_interfaces/share/qarm_interfaces/hook/cmake_prefix_path.dsv'
[0.424s] INFO:colcon.colcon_core.shell:Creating environment hook '/home/quanser/Documents/Quanser_Academic_Resources/5_research/qarm/ROS Examples/ros2/install/qarm_interfaces/share/qarm_interfaces/hook/cmake_prefix_path.sh'
[0.424s] Level 1:colcon.colcon_core.environment:checking '/home/quanser/Documents/Quanser_Academic_Resources/5_research/qarm/ROS Examples/ros2/install/qarm_interfaces/lib'
[0.424s] Level 1:colcon.colcon_core.shell:create_environment_hook('qarm_interfaces', 'ld_library_path_lib')
[0.424s] INFO:colcon.colcon_core.shell:Creating environment hook '/home/quanser/Documents/Quanser_Academic_Resources/5_research/qarm/ROS Examples/ros2/install/qarm_interfaces/share/qarm_interfaces/hook/ld_library_path_lib.ps1'
[0.425s] INFO:colcon.colcon_core.shell:Creating environment descriptor '/home/quanser/Documents/Quanser_Academic_Resources/5_research/qarm/ROS Examples/ros2/install/qarm_interfaces/share/qarm_interfaces/hook/ld_library_path_lib.dsv'
[0.425s] INFO:colcon.colcon_core.shell:Creating environment hook '/home/quanser/Documents/Quanser_Academic_Resources/5_research/qarm/ROS Examples/ros2/install/qarm_interfaces/share/qarm_interfaces/hook/ld_library_path_lib.sh'
[0.425s] Level 1:colcon.colcon_core.environment:checking '/home/quanser/Documents/Quanser_Academic_Resources/5_research/qarm/ROS Examples/ros2/install/qarm_interfaces/bin'
[0.425s] Level 1:colcon.colcon_core.environment:checking '/home/quanser/Documents/Quanser_Academic_Resources/5_research/qarm/ROS Examples/ros2/install/qarm_interfaces/lib/pkgconfig/qarm_interfaces.pc'
[0.425s] Level 1:colcon.colcon_core.environment:checking '/home/quanser/Documents/Quanser_Academic_Resources/5_research/qarm/ROS Examples/ros2/install/qarm_interfaces/lib/python3.12/site-packages'
[0.425s] Level 1:colcon.colcon_core.shell:create_environment_hook('qarm_interfaces', 'pythonpath')
[0.425s] INFO:colcon.colcon_core.shell:Creating environment hook '/home/quanser/Documents/Quanser_Academic_Resources/5_research/qarm/ROS Examples/ros2/install/qarm_interfaces/share/qarm_interfaces/hook/pythonpath.ps1'
[0.426s] INFO:colcon.colcon_core.shell:Creating environment descriptor '/home/quanser/Documents/Quanser_Academic_Resources/5_research/qarm/ROS Examples/ros2/install/qarm_interfaces/share/qarm_interfaces/hook/pythonpath.dsv'
[0.426s] INFO:colcon.colcon_core.shell:Creating environment hook '/home/quanser/Documents/Quanser_Academic_Resources/5_research/qarm/ROS Examples/ros2/install/qarm_interfaces/share/qarm_interfaces/hook/pythonpath.sh'
[0.426s] Level 1:colcon.colcon_core.environment:checking '/home/quanser/Documents/Quanser_Academic_Resources/5_research/qarm/ROS Examples/ros2/install/qarm_interfaces/bin'
[0.426s] INFO:colcon.colcon_core.shell:Creating package script '/home/quanser/Documents/Quanser_Academic_Resources/5_research/qarm/ROS Examples/ros2/install/qarm_interfaces/share/qarm_interfaces/package.ps1'
[0.427s] INFO:colcon.colcon_core.shell:Creating package descriptor '/home/quanser/Documents/Quanser_Academic_Resources/5_research/qarm/ROS Examples/ros2/install/qarm_interfaces/share/qarm_interfaces/package.dsv'
[0.427s] INFO:colcon.colcon_core.shell:Creating package script '/home/quanser/Documents/Quanser_Academic_Resources/5_research/qarm/ROS Examples/ros2/install/qarm_interfaces/share/qarm_interfaces/package.sh'
[0.427s] INFO:colcon.colcon_core.shell:Creating package script '/home/quanser/Documents/Quanser_Academic_Resources/5_research/qarm/ROS Examples/ros2/install/qarm_interfaces/share/qarm_interfaces/package.bash'
[0.427s] INFO:colcon.colcon_core.shell:Creating package script '/home/quanser/Documents/Quanser_Academic_Resources/5_research/qarm/ROS Examples/ros2/install/qarm_interfaces/share/qarm_interfaces/package.zsh'
[0.427s] Level 1:colcon.colcon_core.environment:create_file_with_runtime_dependencies(/home/quanser/Documents/Quanser_Academic_Resources/5_research/qarm/ROS Examples/ros2/install/qarm_interfaces/share/colcon-core/packages/qarm_interfaces)
[0.428s] INFO:colcon.colcon_ros.task.ament_python.build:Building ROS package in '/home/quanser/Documents/Quanser_Academic_Resources/5_research/qarm/ROS Examples/ros2/src/qarm_nodes' with build type 'ament_python'
[0.428s] Level 1:colcon.colcon_core.shell:create_environment_hook('qarm_nodes', 'ament_prefix_path')
[0.428s] INFO:colcon.colcon_core.shell:Creating environment hook '/home/quanser/Documents/Quanser_Academic_Resources/5_research/qarm/ROS Examples/ros2/install/qarm_nodes/share/qarm_nodes/hook/ament_prefix_path.ps1'
[0.428s] INFO:colcon.colcon_core.shell:Creating environment descriptor '/home/quanser/Documents/Quanser_Academic_Resources/5_research/qarm/ROS Examples/ros2/install/qarm_nodes/share/qarm_nodes/hook/ament_prefix_path.dsv'
[0.429s] INFO:colcon.colcon_core.shell:Creating environment hook '/home/quanser/Documents/Quanser_Academic_Resources/5_research/qarm/ROS Examples/ros2/install/qarm_nodes/share/qarm_nodes/hook/ament_prefix_path.sh'
[0.429s] INFO:colcon.colcon_core.shell:Skip shell extension 'powershell' for command environment: Not usable outside of PowerShell
[0.429s] DEBUG:colcon.colcon_core.shell:Skip shell extension 'dsv' for command environment
[0.560s] INFO:colcon.colcon_core.task.python.build:Building Python package in '/home/quanser/Documents/Quanser_Academic_Resources/5_research/qarm/ROS Examples/ros2/src/qarm_nodes'
[0.560s] INFO:colcon.colcon_core.shell:Skip shell extension 'powershell' for command environment: Not usable outside of PowerShell
[0.560s] DEBUG:colcon.colcon_core.shell:Skip shell extension 'dsv' for command environment
[0.881s] DEBUG:colcon.colcon_core.event_handler.log_command:Invoking command in '/home/quanser/Documents/Quanser_Academic_Resources/5_research/qarm/ROS Examples/ros2/build/qarm_nodes': DEBUGINFOD_URLS=https://debuginfod.ubuntu.com PYTHONPATH=/home/quanser/Documents/Quanser_Academic_Resources/5_research/qarm/ROS Examples/ros2/build/qarm_nodes/prefix_override:/usr/lib/python3/dist-packages/colcon_core/task/python/colcon_distutils_commands:/home/quanser/Documents/Quanser_Academic_Resources/5_research/qarm/ROS Examples/ros2/install/qarm_nodes/lib/python3.12/site-packages:/home/quanser/Documents/Quanser_Academic_Resources/5_research/qarm/ROS Examples/ros2/install/qarm_interfaces/lib/python3.12/site-packages:/home/quanser/Documents/Quanser_Academic_Resources/5_research/qarm/ROS Examples/ros2/build/qarm_nodes:/home/quanser/Documents/Quanser_Academic_Resources/5_research/qarm/ROS Examples/ros2/install/qarm_nodes/lib/python3.12/site-packages:/opt/ros/kilted/lib/python3.12/site-packages:/home/quanser/Documents/Quanser/0_libraries/python:/home/quanser/Documents/Quanser_Academic_Resources/0_libraries/python /usr/bin/python3 -W ignore:setup.py install is deprecated -W ignore:easy_install command is deprecated setup.py develop --editable --build-directory /home/quanser/Documents/Quanser_Academic_Resources/5_research/qarm/ROS Examples/ros2/build/qarm_nodes/build --no-deps symlink_data
[1.221s] Level 1:colcon.colcon_core.shell:create_environment_hook('qarm_nodes', 'pythonpath_develop')
[1.222s] INFO:colcon.colcon_core.shell:Creating environment hook '/home/quanser/Documents/Quanser_Academic_Resources/5_research/qarm/ROS Examples/ros2/build/qarm_nodes/share/qarm_nodes/hook/pythonpath_develop.ps1'
[1.222s] DEBUG:colcon.colcon_core.event_handler.log_command:Invoked command in '/home/quanser/Documents/Quanser_Academic_Resources/5_research/qarm/ROS Examples/ros2/build/qarm_nodes' returned '0': DEBUGINFOD_URLS=https://debuginfod.ubuntu.com PYTHONPATH=/home/quanser/Documents/Quanser_Academic_Resources/5_research/qarm/ROS Examples/ros2/build/qarm_nodes/prefix_override:/usr/lib/python3/dist-packages/colcon_core/task/python/colcon_distutils_commands:/home/quanser/Documents/Quanser_Academic_Resources/5_research/qarm/ROS Examples/ros2/install/qarm_nodes/lib/python3.12/site-packages:/home/quanser/Documents/Quanser_Academic_Resources/5_research/qarm/ROS Examples/ros2/install/qarm_interfaces/lib/python3.12/site-packages:/home/quanser/Documents/Quanser_Academic_Resources/5_research/qarm/ROS Examples/ros2/build/qarm_nodes:/home/quanser/Documents/Quanser_Academic_Resources/5_research/qarm/ROS Examples/ros2/install/qarm_nodes/lib/python3.12/site-packages:/opt/ros/kilted/lib/python3.12/site-packages:/home/quanser/Documents/Quanser/0_libraries/python:/home/quanser/Documents/Quanser_Academic_Resources/0_libraries/python /usr/bin/python3 -W ignore:setup.py install is deprecated -W ignore:easy_install command is deprecated setup.py develop --editable --build-directory /home/quanser/Documents/Quanser_Academic_Resources/5_research/qarm/ROS Examples/ros2/build/qarm_nodes/build --no-deps symlink_data
[1.222s] INFO:colcon.colcon_core.shell:Creating environment descriptor '/home/quanser/Documents/Quanser_Academic_Resources/5_research/qarm/ROS Examples/ros2/build/qarm_nodes/share/qarm_nodes/hook/pythonpath_develop.dsv'
[1.222s] INFO:colcon.colcon_core.shell:Creating environment hook '/home/quanser/Documents/Quanser_Academic_Resources/5_research/qarm/ROS Examples/ros2/build/qarm_nodes/share/qarm_nodes/hook/pythonpath_develop.sh'
[1.223s] Level 1:colcon.colcon_core.environment:checking '/home/quanser/Documents/Quanser_Academic_Resources/5_research/qarm/ROS Examples/ros2/install/qarm_nodes' for CMake module files
[1.223s] Level 1:colcon.colcon_core.environment:checking '/home/quanser/Documents/Quanser_Academic_Resources/5_research/qarm/ROS Examples/ros2/install/qarm_nodes' for CMake config files
[1.223s] Level 1:colcon.colcon_core.environment:checking '/home/quanser/Documents/Quanser_Academic_Resources/5_research/qarm/ROS Examples/ros2/install/qarm_nodes/lib'
[1.223s] Level 1:colcon.colcon_core.environment:checking '/home/quanser/Documents/Quanser_Academic_Resources/5_research/qarm/ROS Examples/ros2/install/qarm_nodes/bin'
[1.223s] Level 1:colcon.colcon_core.environment:checking '/home/quanser/Documents/Quanser_Academic_Resources/5_research/qarm/ROS Examples/ros2/install/qarm_nodes/lib/pkgconfig/qarm_nodes.pc'
[1.223s] Level 1:colcon.colcon_core.environment:checking '/home/quanser/Documents/Quanser_Academic_Resources/5_research/qarm/ROS Examples/ros2/install/qarm_nodes/lib/python3.12/site-packages'
[1.223s] Level 1:colcon.colcon_core.shell:create_environment_hook('qarm_nodes', 'pythonpath')
[1.223s] INFO:colcon.colcon_core.shell:Creating environment hook '/home/quanser/Documents/Quanser_Academic_Resources/5_research/qarm/ROS Examples/ros2/install/qarm_nodes/share/qarm_nodes/hook/pythonpath.ps1'
[1.224s] INFO:colcon.colcon_core.shell:Creating environment descriptor '/home/quanser/Documents/Quanser_Academic_Resources/5_research/qarm/ROS Examples/ros2/install/qarm_nodes/share/qarm_nodes/hook/pythonpath.dsv'
[1.224s] INFO:colcon.colcon_core.shell:Creating environment hook '/home/quanser/Documents/Quanser_Academic_Resources/5_research/qarm/ROS Examples/ros2/install/qarm_nodes/share/qarm_nodes/hook/pythonpath.sh'
[1.224s] Level 1:colcon.colcon_core.environment:checking '/home/quanser/Documents/Quanser_Academic_Resources/5_research/qarm/ROS Examples/ros2/install/qarm_nodes/bin'
[1.224s] Level 1:colcon.colcon_core.environment:create_environment_scripts_only(qarm_nodes)
[1.224s] INFO:colcon.colcon_core.shell:Creating package script '/home/quanser/Documents/Quanser_Academic_Resources/5_research/qarm/ROS Examples/ros2/install/qarm_nodes/share/qarm_nodes/package.ps1'
[1.225s] INFO:colcon.colcon_core.shell:Creating package descriptor '/home/quanser/Documents/Quanser_Academic_Resources/5_research/qarm/ROS Examples/ros2/install/qarm_nodes/share/qarm_nodes/package.dsv'
[1.225s] INFO:colcon.colcon_core.shell:Creating package script '/home/quanser/Documents/Quanser_Academic_Resources/5_research/qarm/ROS Examples/ros2/install/qarm_nodes/share/qarm_nodes/package.sh'
[1.225s] INFO:colcon.colcon_core.shell:Creating package script '/home/quanser/Documents/Quanser_Academic_Resources/5_research/qarm/ROS Examples/ros2/install/qarm_nodes/share/qarm_nodes/package.bash'
[1.225s] INFO:colcon.colcon_core.shell:Creating package script '/home/quanser/Documents/Quanser_Academic_Resources/5_research/qarm/ROS Examples/ros2/install/qarm_nodes/share/qarm_nodes/package.zsh'
[1.225s] Level 1:colcon.colcon_core.environment:create_file_with_runtime_dependencies(/home/quanser/Documents/Quanser_Academic_Resources/5_research/qarm/ROS Examples/ros2/install/qarm_nodes/share/colcon-core/packages/qarm_nodes)
[1.225s] DEBUG:colcon.colcon_parallel_executor.executor.parallel:closing loop
[1.226s] DEBUG:colcon.colcon_parallel_executor.executor.parallel:loop closed
[1.226s] DEBUG:colcon.colcon_parallel_executor.executor.parallel:run_until_complete finished with '0'
[1.226s] DEBUG:colcon.colcon_core.event_reactor:joining thread
[1.229s] INFO:colcon.colcon_core.plugin_system:Skipping extension 'colcon_notification.desktop_notification.terminal_notifier': Not used on non-Darwin systems
[1.229s] INFO:colcon.colcon_core.plugin_system:Skipping extension 'colcon_notification.desktop_notification.win32': Not used on non-Windows systems
[1.229s] INFO:colcon.colcon_notification.desktop_notification:Sending desktop notification using 'notify2'
[1.240s] DEBUG:colcon.colcon_core.event_reactor:joined thread
[1.240s] INFO:colcon.colcon_core.shell:Creating prefix script '/home/quanser/Documents/Quanser_Academic_Resources/5_research/qarm/ROS Examples/ros2/install/local_setup.ps1'
[1.241s] INFO:colcon.colcon_core.shell:Creating prefix util module '/home/quanser/Documents/Quanser_Academic_Resources/5_research/qarm/ROS Examples/ros2/install/_local_setup_util_ps1.py'
[1.241s] INFO:colcon.colcon_core.shell:Creating prefix chain script '/home/quanser/Documents/Quanser_Academic_Resources/5_research/qarm/ROS Examples/ros2/install/setup.ps1'
[1.242s] INFO:colcon.colcon_core.shell:Creating prefix script '/home/quanser/Documents/Quanser_Academic_Resources/5_research/qarm/ROS Examples/ros2/install/local_setup.sh'
[1.242s] INFO:colcon.colcon_core.shell:Creating prefix util module '/home/quanser/Documents/Quanser_Academic_Resources/5_research/qarm/ROS Examples/ros2/install/_local_setup_util_sh.py'
[1.242s] INFO:colcon.colcon_core.shell:Creating prefix chain script '/home/quanser/Documents/Quanser_Academic_Resources/5_research/qarm/ROS Examples/ros2/install/setup.sh'
[1.243s] INFO:colcon.colcon_core.shell:Creating prefix script '/home/quanser/Documents/Quanser_Academic_Resources/5_research/qarm/ROS Examples/ros2/install/local_setup.bash'
[1.243s] INFO:colcon.colcon_core.shell:Creating prefix chain script '/home/quanser/Documents/Quanser_Academic_Resources/5_research/qarm/ROS Examples/ros2/install/setup.bash'
[1.243s] INFO:colcon.colcon_core.shell:Creating prefix script '/home/quanser/Documents/Quanser_Academic_Resources/5_research/qarm/ROS Examples/ros2/install/local_setup.zsh'
[1.243s] INFO:colcon.colcon_core.shell:Creating prefix chain script '/home/quanser/Documents/Quanser_Academic_Resources/5_research/qarm/ROS Examples/ros2/install/setup.zsh'
