[  0%] Built target ament_cmake_python_symlink_qarm_interfaces
[  2%] Built target qarm_interfaces__rosidl_generator_type_description
[  4%] Built target qarm_interfaces__rs
[ 22%] Built target qarm_interfaces__rosidl_generator_c
[ 24%] Built target qarm_interfaces__cpp
[ 33%] Built target qarm_interfaces__rosidl_typesupport_c
[ 42%] Built target qarm_interfaces__rosidl_typesupport_introspection_cpp
[ 51%] Built target qarm_interfaces__rosidl_typesupport_cpp
[ 60%] Built target qarm_interfaces__rosidl_typesupport_introspection_c
[ 68%] Built target qarm_interfaces__rosidl_typesupport_fastrtps_c
[ 77%] Built target qarm_interfaces__rosidl_typesupport_fastrtps_cpp
[ 77%] Built target qarm_interfaces
[ 80%] Built target qarm_interfaces__py
[ 86%] Built target qarm_interfaces__rosidl_generator_py
[ 91%] Built target qarm_interfaces_s__rosidl_typesupport_introspection_c
[ 95%] Built target qarm_interfaces_s__rosidl_typesupport_c
[100%] Built target qarm_interfaces_s__rosidl_typesupport_fastrtps_c
running egg_info
writing qarm_interfaces.egg-info/PKG-INFO
writing dependency_links to qarm_interfaces.egg-info/dependency_links.txt
writing top-level names to qarm_interfaces.egg-info/top_level.txt
reading manifest file 'qarm_interfaces.egg-info/SOURCES.txt'
writing manifest file 'qarm_interfaces.egg-info/SOURCES.txt'
[100%] Built target ament_cmake_python_build_qarm_interfaces_egg
-- Install configuration: ""
-- Execute custom install script
-- Up-to-date symlink: /home/quanser/Documents/Quanser_Academic_Resources/5_research/qarm/ROS Examples/ros2/install/qarm_interfaces/share/ament_index/resource_index/rosidl_interfaces/qarm_interfaces
-- Up-to-date symlink: /home/quanser/Documents/Quanser_Academic_Resources/5_research/qarm/ROS Examples/ros2/install/qarm_interfaces/share/qarm_interfaces/msg/QArmDiagnostics.json
-- Up-to-date symlink: /home/quanser/Documents/Quanser_Academic_Resources/5_research/qarm/ROS Examples/ros2/install/qarm_interfaces/share/qarm_interfaces/action/MoveQArm.json
-- Up-to-date symlink: /home/quanser/Documents/Quanser_Academic_Resources/5_research/qarm/ROS Examples/ros2/install/qarm_interfaces/include/qarm_interfaces/qarm_interfaces/action/detail/move_q_arm__functions.h
-- Up-to-date symlink: /home/quanser/Documents/Quanser_Academic_Resources/5_research/qarm/ROS Examples/ros2/install/qarm_interfaces/include/qarm_interfaces/qarm_interfaces/action/detail/move_q_arm__struct.h
-- Up-to-date symlink: /home/quanser/Documents/Quanser_Academic_Resources/5_research/qarm/ROS Examples/ros2/install/qarm_interfaces/include/qarm_interfaces/qarm_interfaces/action/detail/move_q_arm__type_support.h
-- Up-to-date symlink: /home/quanser/Documents/Quanser_Academic_Resources/5_research/qarm/ROS Examples/ros2/install/qarm_interfaces/include/qarm_interfaces/qarm_interfaces/action/move_q_arm.h
-- Up-to-date symlink: /home/quanser/Documents/Quanser_Academic_Resources/5_research/qarm/ROS Examples/ros2/install/qarm_interfaces/include/qarm_interfaces/qarm_interfaces/msg/detail/q_arm_diagnostics__functions.h
-- Up-to-date symlink: /home/quanser/Documents/Quanser_Academic_Resources/5_research/qarm/ROS Examples/ros2/install/qarm_interfaces/include/qarm_interfaces/qarm_interfaces/msg/detail/q_arm_diagnostics__struct.h
-- Up-to-date symlink: /home/quanser/Documents/Quanser_Academic_Resources/5_research/qarm/ROS Examples/ros2/install/qarm_interfaces/include/qarm_interfaces/qarm_interfaces/msg/detail/q_arm_diagnostics__type_support.h
-- Up-to-date symlink: /home/quanser/Documents/Quanser_Academic_Resources/5_research/qarm/ROS Examples/ros2/install/qarm_interfaces/include/qarm_interfaces/qarm_interfaces/msg/q_arm_diagnostics.h
-- Up-to-date symlink: /home/quanser/Documents/Quanser_Academic_Resources/5_research/qarm/ROS Examples/ros2/install/qarm_interfaces/include/qarm_interfaces/qarm_interfaces/msg/rosidl_generator_c__visibility_control.h
-- Up-to-date symlink: /home/quanser/Documents/Quanser_Academic_Resources/5_research/qarm/ROS Examples/ros2/install/qarm_interfaces/share/qarm_interfaces/environment/library_path.sh
-- Up-to-date symlink: /home/quanser/Documents/Quanser_Academic_Resources/5_research/qarm/ROS Examples/ros2/install/qarm_interfaces/share/qarm_interfaces/environment/library_path.dsv
-- Up-to-date symlink: /home/quanser/Documents/Quanser_Academic_Resources/5_research/qarm/ROS Examples/ros2/install/qarm_interfaces/include/qarm_interfaces/qarm_interfaces/action/detail/move_q_arm__rosidl_typesupport_fastrtps_c.h
-- Up-to-date symlink: /home/quanser/Documents/Quanser_Academic_Resources/5_research/qarm/ROS Examples/ros2/install/qarm_interfaces/include/qarm_interfaces/qarm_interfaces/msg/detail/q_arm_diagnostics__rosidl_typesupport_fastrtps_c.h
-- Up-to-date symlink: /home/quanser/Documents/Quanser_Academic_Resources/5_research/qarm/ROS Examples/ros2/install/qarm_interfaces/include/qarm_interfaces/qarm_interfaces/msg/rosidl_typesupport_fastrtps_c__visibility_control.h
-- Up-to-date symlink: /home/quanser/Documents/Quanser_Academic_Resources/5_research/qarm/ROS Examples/ros2/install/qarm_interfaces/include/qarm_interfaces/qarm_interfaces/action/detail/move_q_arm__builder.hpp
-- Up-to-date symlink: /home/quanser/Documents/Quanser_Academic_Resources/5_research/qarm/ROS Examples/ros2/install/qarm_interfaces/include/qarm_interfaces/qarm_interfaces/action/detail/move_q_arm__struct.hpp
-- Up-to-date symlink: /home/quanser/Documents/Quanser_Academic_Resources/5_research/qarm/ROS Examples/ros2/install/qarm_interfaces/include/qarm_interfaces/qarm_interfaces/action/detail/move_q_arm__traits.hpp
-- Up-to-date symlink: /home/quanser/Documents/Quanser_Academic_Resources/5_research/qarm/ROS Examples/ros2/install/qarm_interfaces/include/qarm_interfaces/qarm_interfaces/action/detail/move_q_arm__type_support.hpp
-- Up-to-date symlink: /home/quanser/Documents/Quanser_Academic_Resources/5_research/qarm/ROS Examples/ros2/install/qarm_interfaces/include/qarm_interfaces/qarm_interfaces/action/move_q_arm.hpp
-- Up-to-date symlink: /home/quanser/Documents/Quanser_Academic_Resources/5_research/qarm/ROS Examples/ros2/install/qarm_interfaces/include/qarm_interfaces/qarm_interfaces/msg/detail/q_arm_diagnostics__builder.hpp
-- Up-to-date symlink: /home/quanser/Documents/Quanser_Academic_Resources/5_research/qarm/ROS Examples/ros2/install/qarm_interfaces/include/qarm_interfaces/qarm_interfaces/msg/detail/q_arm_diagnostics__struct.hpp
-- Up-to-date symlink: /home/quanser/Documents/Quanser_Academic_Resources/5_research/qarm/ROS Examples/ros2/install/qarm_interfaces/include/qarm_interfaces/qarm_interfaces/msg/detail/q_arm_diagnostics__traits.hpp
-- Up-to-date symlink: /home/quanser/Documents/Quanser_Academic_Resources/5_research/qarm/ROS Examples/ros2/install/qarm_interfaces/include/qarm_interfaces/qarm_interfaces/msg/detail/q_arm_diagnostics__type_support.hpp
-- Up-to-date symlink: /home/quanser/Documents/Quanser_Academic_Resources/5_research/qarm/ROS Examples/ros2/install/qarm_interfaces/include/qarm_interfaces/qarm_interfaces/msg/q_arm_diagnostics.hpp
-- Up-to-date symlink: /home/quanser/Documents/Quanser_Academic_Resources/5_research/qarm/ROS Examples/ros2/install/qarm_interfaces/include/qarm_interfaces/qarm_interfaces/msg/rosidl_generator_cpp__visibility_control.hpp
-- Up-to-date symlink: /home/quanser/Documents/Quanser_Academic_Resources/5_research/qarm/ROS Examples/ros2/install/qarm_interfaces/include/qarm_interfaces/qarm_interfaces/action/detail/move_q_arm__rosidl_typesupport_fastrtps_cpp.hpp
-- Up-to-date symlink: /home/quanser/Documents/Quanser_Academic_Resources/5_research/qarm/ROS Examples/ros2/install/qarm_interfaces/include/qarm_interfaces/qarm_interfaces/msg/detail/q_arm_diagnostics__rosidl_typesupport_fastrtps_cpp.hpp
-- Up-to-date symlink: /home/quanser/Documents/Quanser_Academic_Resources/5_research/qarm/ROS Examples/ros2/install/qarm_interfaces/include/qarm_interfaces/qarm_interfaces/msg/rosidl_typesupport_fastrtps_cpp__visibility_control.h
-- Up-to-date symlink: /home/quanser/Documents/Quanser_Academic_Resources/5_research/qarm/ROS Examples/ros2/install/qarm_interfaces/include/qarm_interfaces/qarm_interfaces/action/detail/move_q_arm__rosidl_typesupport_introspection_c.h
-- Up-to-date symlink: /home/quanser/Documents/Quanser_Academic_Resources/5_research/qarm/ROS Examples/ros2/install/qarm_interfaces/include/qarm_interfaces/qarm_interfaces/msg/detail/q_arm_diagnostics__rosidl_typesupport_introspection_c.h
-- Up-to-date symlink: /home/quanser/Documents/Quanser_Academic_Resources/5_research/qarm/ROS Examples/ros2/install/qarm_interfaces/include/qarm_interfaces/qarm_interfaces/msg/rosidl_typesupport_introspection_c__visibility_control.h
-- Up-to-date symlink: /home/quanser/Documents/Quanser_Academic_Resources/5_research/qarm/ROS Examples/ros2/install/qarm_interfaces/include/qarm_interfaces/qarm_interfaces/action/detail/move_q_arm__rosidl_typesupport_introspection_cpp.hpp
-- Up-to-date symlink: /home/quanser/Documents/Quanser_Academic_Resources/5_research/qarm/ROS Examples/ros2/install/qarm_interfaces/include/qarm_interfaces/qarm_interfaces/msg/detail/q_arm_diagnostics__rosidl_typesupport_introspection_cpp.hpp
-- Up-to-date symlink: /home/quanser/Documents/Quanser_Academic_Resources/5_research/qarm/ROS Examples/ros2/install/qarm_interfaces/share/qarm_interfaces/environment/pythonpath.sh
-- Up-to-date symlink: /home/quanser/Documents/Quanser_Academic_Resources/5_research/qarm/ROS Examples/ros2/install/qarm_interfaces/share/qarm_interfaces/environment/pythonpath.dsv
-- Up-to-date symlink: /home/quanser/Documents/Quanser_Academic_Resources/5_research/qarm/ROS Examples/ros2/install/qarm_interfaces/lib/python3.12/site-packages/qarm_interfaces-0.0.0-py3.12.egg-info/PKG-INFO
-- Up-to-date symlink: /home/quanser/Documents/Quanser_Academic_Resources/5_research/qarm/ROS Examples/ros2/install/qarm_interfaces/lib/python3.12/site-packages/qarm_interfaces-0.0.0-py3.12.egg-info/SOURCES.txt
-- Up-to-date symlink: /home/quanser/Documents/Quanser_Academic_Resources/5_research/qarm/ROS Examples/ros2/install/qarm_interfaces/lib/python3.12/site-packages/qarm_interfaces-0.0.0-py3.12.egg-info/dependency_links.txt
-- Up-to-date symlink: /home/quanser/Documents/Quanser_Academic_Resources/5_research/qarm/ROS Examples/ros2/install/qarm_interfaces/lib/python3.12/site-packages/qarm_interfaces-0.0.0-py3.12.egg-info/top_level.txt
-- Up-to-date symlink: /home/quanser/Documents/Quanser_Academic_Resources/5_research/qarm/ROS Examples/ros2/install/qarm_interfaces/lib/python3.12/site-packages/qarm_interfaces/__init__.py
-- Up-to-date symlink: /home/quanser/Documents/Quanser_Academic_Resources/5_research/qarm/ROS Examples/ros2/install/qarm_interfaces/lib/python3.12/site-packages/qarm_interfaces/_qarm_interfaces_s.ep.rosidl_typesupport_c.c
-- Up-to-date symlink: /home/quanser/Documents/Quanser_Academic_Resources/5_research/qarm/ROS Examples/ros2/install/qarm_interfaces/lib/python3.12/site-packages/qarm_interfaces/_qarm_interfaces_s.ep.rosidl_typesupport_fastrtps_c.c
-- Up-to-date symlink: /home/quanser/Documents/Quanser_Academic_Resources/5_research/qarm/ROS Examples/ros2/install/qarm_interfaces/lib/python3.12/site-packages/qarm_interfaces/_qarm_interfaces_s.ep.rosidl_typesupport_introspection_c.c
-- Up-to-date symlink: /home/quanser/Documents/Quanser_Academic_Resources/5_research/qarm/ROS Examples/ros2/install/qarm_interfaces/lib/python3.12/site-packages/qarm_interfaces/action/__init__.py
-- Up-to-date symlink: /home/quanser/Documents/Quanser_Academic_Resources/5_research/qarm/ROS Examples/ros2/install/qarm_interfaces/lib/python3.12/site-packages/qarm_interfaces/action/_move_q_arm.py
-- Up-to-date symlink: /home/quanser/Documents/Quanser_Academic_Resources/5_research/qarm/ROS Examples/ros2/install/qarm_interfaces/lib/python3.12/site-packages/qarm_interfaces/action/_move_q_arm_s.c
-- Up-to-date symlink: /home/quanser/Documents/Quanser_Academic_Resources/5_research/qarm/ROS Examples/ros2/install/qarm_interfaces/lib/python3.12/site-packages/qarm_interfaces/msg/__init__.py
-- Up-to-date symlink: /home/quanser/Documents/Quanser_Academic_Resources/5_research/qarm/ROS Examples/ros2/install/qarm_interfaces/lib/python3.12/site-packages/qarm_interfaces/msg/_q_arm_diagnostics.py
-- Up-to-date symlink: /home/quanser/Documents/Quanser_Academic_Resources/5_research/qarm/ROS Examples/ros2/install/qarm_interfaces/lib/python3.12/site-packages/qarm_interfaces/msg/_q_arm_diagnostics_s.c
-- Up-to-date symlink: /home/quanser/Documents/Quanser_Academic_Resources/5_research/qarm/ROS Examples/ros2/install/qarm_interfaces/lib/python3.12/site-packages/qarm_interfaces/qarm_interfaces_s__rosidl_typesupport_c.so
-- Up-to-date symlink: /home/quanser/Documents/Quanser_Academic_Resources/5_research/qarm/ROS Examples/ros2/install/qarm_interfaces/lib/python3.12/site-packages/qarm_interfaces/qarm_interfaces_s__rosidl_typesupport_fastrtps_c.so
-- Up-to-date symlink: /home/quanser/Documents/Quanser_Academic_Resources/5_research/qarm/ROS Examples/ros2/install/qarm_interfaces/lib/python3.12/site-packages/qarm_interfaces/qarm_interfaces_s__rosidl_typesupport_introspection_c.so
-- Up-to-date symlink: /home/quanser/Documents/Quanser_Academic_Resources/5_research/qarm/ROS Examples/ros2/install/qarm_interfaces/lib/python3.12/site-packages/qarm_interfaces/qarm_interfaces_s__rosidl_typesupport_fastrtps_c.so
-- Up-to-date symlink: /home/quanser/Documents/Quanser_Academic_Resources/5_research/qarm/ROS Examples/ros2/install/qarm_interfaces/lib/python3.12/site-packages/qarm_interfaces/qarm_interfaces_s__rosidl_typesupport_introspection_c.so
-- Up-to-date symlink: /home/quanser/Documents/Quanser_Academic_Resources/5_research/qarm/ROS Examples/ros2/install/qarm_interfaces/lib/python3.12/site-packages/qarm_interfaces/qarm_interfaces_s__rosidl_typesupport_c.so
-- Up-to-date symlink: /home/quanser/Documents/Quanser_Academic_Resources/5_research/qarm/ROS Examples/ros2/install/qarm_interfaces/share/ament_index/resource_index/rust_packages/qarm_interfaces
-- Up-to-date symlink: /home/quanser/Documents/Quanser_Academic_Resources/5_research/qarm/ROS Examples/ros2/install/qarm_interfaces/share/qarm_interfaces/rust/Cargo.toml
-- Up-to-date symlink: /home/quanser/Documents/Quanser_Academic_Resources/5_research/qarm/ROS Examples/ros2/install/qarm_interfaces/share/qarm_interfaces/rust/build.rs
-- Up-to-date symlink: /home/quanser/Documents/Quanser_Academic_Resources/5_research/qarm/ROS Examples/ros2/install/qarm_interfaces/share/qarm_interfaces/rust/src/action.rs
-- Up-to-date symlink: /home/quanser/Documents/Quanser_Academic_Resources/5_research/qarm/ROS Examples/ros2/install/qarm_interfaces/share/qarm_interfaces/rust/src/action/rmw.rs
-- Up-to-date symlink: /home/quanser/Documents/Quanser_Academic_Resources/5_research/qarm/ROS Examples/ros2/install/qarm_interfaces/share/qarm_interfaces/rust/src/lib.rs
-- Up-to-date symlink: /home/quanser/Documents/Quanser_Academic_Resources/5_research/qarm/ROS Examples/ros2/install/qarm_interfaces/share/qarm_interfaces/rust/src/msg.rs
-- Up-to-date symlink: /home/quanser/Documents/Quanser_Academic_Resources/5_research/qarm/ROS Examples/ros2/install/qarm_interfaces/share/qarm_interfaces/rust/src/msg/rmw.rs
-- Up-to-date symlink: /home/quanser/Documents/Quanser_Academic_Resources/5_research/qarm/ROS Examples/ros2/install/qarm_interfaces/share/qarm_interfaces/msg/QArmDiagnostics.idl
-- Up-to-date symlink: /home/quanser/Documents/Quanser_Academic_Resources/5_research/qarm/ROS Examples/ros2/install/qarm_interfaces/share/qarm_interfaces/action/MoveQArm.idl
-- Up-to-date symlink: /home/quanser/Documents/Quanser_Academic_Resources/5_research/qarm/ROS Examples/ros2/install/qarm_interfaces/share/qarm_interfaces/msg/QArmDiagnostics.msg
-- Up-to-date symlink: /home/quanser/Documents/Quanser_Academic_Resources/5_research/qarm/ROS Examples/ros2/install/qarm_interfaces/share/qarm_interfaces/action/MoveQArm.action
-- Up-to-date symlink: /home/quanser/Documents/Quanser_Academic_Resources/5_research/qarm/ROS Examples/ros2/install/qarm_interfaces/share/ament_index/resource_index/package_run_dependencies/qarm_interfaces
-- Up-to-date symlink: /home/quanser/Documents/Quanser_Academic_Resources/5_research/qarm/ROS Examples/ros2/install/qarm_interfaces/share/ament_index/resource_index/parent_prefix_path/qarm_interfaces
-- Up-to-date symlink: /home/quanser/Documents/Quanser_Academic_Resources/5_research/qarm/ROS Examples/ros2/install/qarm_interfaces/share/qarm_interfaces/environment/ament_prefix_path.sh
-- Up-to-date symlink: /home/quanser/Documents/Quanser_Academic_Resources/5_research/qarm/ROS Examples/ros2/install/qarm_interfaces/share/qarm_interfaces/environment/ament_prefix_path.dsv
-- Up-to-date symlink: /home/quanser/Documents/Quanser_Academic_Resources/5_research/qarm/ROS Examples/ros2/install/qarm_interfaces/share/qarm_interfaces/environment/path.sh
-- Up-to-date symlink: /home/quanser/Documents/Quanser_Academic_Resources/5_research/qarm/ROS Examples/ros2/install/qarm_interfaces/share/qarm_interfaces/environment/path.dsv
-- Up-to-date symlink: /home/quanser/Documents/Quanser_Academic_Resources/5_research/qarm/ROS Examples/ros2/install/qarm_interfaces/share/qarm_interfaces/local_setup.bash
-- Up-to-date symlink: /home/quanser/Documents/Quanser_Academic_Resources/5_research/qarm/ROS Examples/ros2/install/qarm_interfaces/share/qarm_interfaces/local_setup.sh
-- Up-to-date symlink: /home/quanser/Documents/Quanser_Academic_Resources/5_research/qarm/ROS Examples/ros2/install/qarm_interfaces/share/qarm_interfaces/local_setup.zsh
-- Up-to-date symlink: /home/quanser/Documents/Quanser_Academic_Resources/5_research/qarm/ROS Examples/ros2/install/qarm_interfaces/share/qarm_interfaces/local_setup.dsv
-- Symlinking: /home/quanser/Documents/Quanser_Academic_Resources/5_research/qarm/ROS Examples/ros2/install/qarm_interfaces/share/qarm_interfaces/package.dsv
-- Up-to-date symlink: /home/quanser/Documents/Quanser_Academic_Resources/5_research/qarm/ROS Examples/ros2/install/qarm_interfaces/share/ament_index/resource_index/packages/qarm_interfaces
-- Up-to-date symlink: /home/quanser/Documents/Quanser_Academic_Resources/5_research/qarm/ROS Examples/ros2/install/qarm_interfaces/share/qarm_interfaces/cmake/rosidl_cmake-extras.cmake
-- Up-to-date symlink: /home/quanser/Documents/Quanser_Academic_Resources/5_research/qarm/ROS Examples/ros2/install/qarm_interfaces/share/qarm_interfaces/cmake/ament_cmake_export_dependencies-extras.cmake
-- Up-to-date symlink: /home/quanser/Documents/Quanser_Academic_Resources/5_research/qarm/ROS Examples/ros2/install/qarm_interfaces/share/qarm_interfaces/cmake/ament_cmake_export_include_directories-extras.cmake
-- Up-to-date symlink: /home/quanser/Documents/Quanser_Academic_Resources/5_research/qarm/ROS Examples/ros2/install/qarm_interfaces/share/qarm_interfaces/cmake/ament_cmake_export_libraries-extras.cmake
-- Up-to-date symlink: /home/quanser/Documents/Quanser_Academic_Resources/5_research/qarm/ROS Examples/ros2/install/qarm_interfaces/share/qarm_interfaces/cmake/ament_cmake_export_targets-extras.cmake
-- Up-to-date symlink: /home/quanser/Documents/Quanser_Academic_Resources/5_research/qarm/ROS Examples/ros2/install/qarm_interfaces/share/qarm_interfaces/cmake/rosidl_cmake_export_typesupport_targets-extras.cmake
-- Up-to-date symlink: /home/quanser/Documents/Quanser_Academic_Resources/5_research/qarm/ROS Examples/ros2/install/qarm_interfaces/share/qarm_interfaces/cmake/rosidl_cmake_export_typesupport_libraries-extras.cmake
-- Up-to-date symlink: /home/quanser/Documents/Quanser_Academic_Resources/5_research/qarm/ROS Examples/ros2/install/qarm_interfaces/share/qarm_interfaces/cmake/qarm_interfacesConfig.cmake
-- Up-to-date symlink: /home/quanser/Documents/Quanser_Academic_Resources/5_research/qarm/ROS Examples/ros2/install/qarm_interfaces/share/qarm_interfaces/cmake/qarm_interfacesConfig-version.cmake
-- Up-to-date symlink: /home/quanser/Documents/Quanser_Academic_Resources/5_research/qarm/ROS Examples/ros2/install/qarm_interfaces/share/qarm_interfaces/package.xml
-- Up-to-date: /home/quanser/Documents/Quanser_Academic_Resources/5_research/qarm/ROS Examples/ros2/install/qarm_interfaces/lib/libqarm_interfaces__rosidl_generator_c.so
-- Up-to-date: /home/quanser/Documents/Quanser_Academic_Resources/5_research/qarm/ROS Examples/ros2/install/qarm_interfaces/lib/libqarm_interfaces__rosidl_typesupport_fastrtps_c.so
-- Up-to-date: /home/quanser/Documents/Quanser_Academic_Resources/5_research/qarm/ROS Examples/ros2/install/qarm_interfaces/lib/libqarm_interfaces__rosidl_typesupport_fastrtps_cpp.so
-- Up-to-date: /home/quanser/Documents/Quanser_Academic_Resources/5_research/qarm/ROS Examples/ros2/install/qarm_interfaces/lib/libqarm_interfaces__rosidl_typesupport_introspection_c.so
-- Up-to-date: /home/quanser/Documents/Quanser_Academic_Resources/5_research/qarm/ROS Examples/ros2/install/qarm_interfaces/lib/libqarm_interfaces__rosidl_typesupport_c.so
-- Up-to-date: /home/quanser/Documents/Quanser_Academic_Resources/5_research/qarm/ROS Examples/ros2/install/qarm_interfaces/lib/libqarm_interfaces__rosidl_typesupport_introspection_cpp.so
-- Up-to-date: /home/quanser/Documents/Quanser_Academic_Resources/5_research/qarm/ROS Examples/ros2/install/qarm_interfaces/lib/libqarm_interfaces__rosidl_typesupport_cpp.so
Listing '/home/quanser/Documents/Quanser_Academic_Resources/5_research/qarm/ROS Examples/ros2/install/qarm_interfaces/lib/python3.12/site-packages/qarm_interfaces'...
Listing '/home/quanser/Documents/Quanser_Academic_Resources/5_research/qarm/ROS Examples/ros2/install/qarm_interfaces/lib/python3.12/site-packages/qarm_interfaces/action'...
Listing '/home/quanser/Documents/Quanser_Academic_Resources/5_research/qarm/ROS Examples/ros2/install/qarm_interfaces/lib/python3.12/site-packages/qarm_interfaces/msg'...
-- Up-to-date: /home/quanser/Documents/Quanser_Academic_Resources/5_research/qarm/ROS Examples/ros2/install/qarm_interfaces/lib/libqarm_interfaces__rosidl_generator_py.so
-- Up-to-date: /home/quanser/Documents/Quanser_Academic_Resources/5_research/qarm/ROS Examples/ros2/install/qarm_interfaces/share/qarm_interfaces/cmake/export_qarm_interfaces__rosidl_generator_cExport.cmake
-- Up-to-date: /home/quanser/Documents/Quanser_Academic_Resources/5_research/qarm/ROS Examples/ros2/install/qarm_interfaces/share/qarm_interfaces/cmake/export_qarm_interfaces__rosidl_generator_cExport-noconfig.cmake
-- Up-to-date: /home/quanser/Documents/Quanser_Academic_Resources/5_research/qarm/ROS Examples/ros2/install/qarm_interfaces/share/qarm_interfaces/cmake/export_qarm_interfaces__rosidl_typesupport_fastrtps_cExport.cmake
-- Up-to-date: /home/quanser/Documents/Quanser_Academic_Resources/5_research/qarm/ROS Examples/ros2/install/qarm_interfaces/share/qarm_interfaces/cmake/export_qarm_interfaces__rosidl_typesupport_fastrtps_cExport-noconfig.cmake
-- Up-to-date: /home/quanser/Documents/Quanser_Academic_Resources/5_research/qarm/ROS Examples/ros2/install/qarm_interfaces/share/qarm_interfaces/cmake/export_qarm_interfaces__rosidl_generator_cppExport.cmake
-- Up-to-date: /home/quanser/Documents/Quanser_Academic_Resources/5_research/qarm/ROS Examples/ros2/install/qarm_interfaces/share/qarm_interfaces/cmake/export_qarm_interfaces__rosidl_typesupport_fastrtps_cppExport.cmake
-- Up-to-date: /home/quanser/Documents/Quanser_Academic_Resources/5_research/qarm/ROS Examples/ros2/install/qarm_interfaces/share/qarm_interfaces/cmake/export_qarm_interfaces__rosidl_typesupport_fastrtps_cppExport-noconfig.cmake
-- Up-to-date: /home/quanser/Documents/Quanser_Academic_Resources/5_research/qarm/ROS Examples/ros2/install/qarm_interfaces/share/qarm_interfaces/cmake/qarm_interfaces__rosidl_typesupport_introspection_cExport.cmake
-- Up-to-date: /home/quanser/Documents/Quanser_Academic_Resources/5_research/qarm/ROS Examples/ros2/install/qarm_interfaces/share/qarm_interfaces/cmake/qarm_interfaces__rosidl_typesupport_introspection_cExport-noconfig.cmake
-- Up-to-date: /home/quanser/Documents/Quanser_Academic_Resources/5_research/qarm/ROS Examples/ros2/install/qarm_interfaces/share/qarm_interfaces/cmake/qarm_interfaces__rosidl_typesupport_cExport.cmake
-- Up-to-date: /home/quanser/Documents/Quanser_Academic_Resources/5_research/qarm/ROS Examples/ros2/install/qarm_interfaces/share/qarm_interfaces/cmake/qarm_interfaces__rosidl_typesupport_cExport-noconfig.cmake
-- Up-to-date: /home/quanser/Documents/Quanser_Academic_Resources/5_research/qarm/ROS Examples/ros2/install/qarm_interfaces/share/qarm_interfaces/cmake/qarm_interfaces__rosidl_typesupport_introspection_cppExport.cmake
-- Up-to-date: /home/quanser/Documents/Quanser_Academic_Resources/5_research/qarm/ROS Examples/ros2/install/qarm_interfaces/share/qarm_interfaces/cmake/qarm_interfaces__rosidl_typesupport_introspection_cppExport-noconfig.cmake
-- Up-to-date: /home/quanser/Documents/Quanser_Academic_Resources/5_research/qarm/ROS Examples/ros2/install/qarm_interfaces/share/qarm_interfaces/cmake/qarm_interfaces__rosidl_typesupport_cppExport.cmake
-- Up-to-date: /home/quanser/Documents/Quanser_Academic_Resources/5_research/qarm/ROS Examples/ros2/install/qarm_interfaces/share/qarm_interfaces/cmake/qarm_interfaces__rosidl_typesupport_cppExport-noconfig.cmake
-- Up-to-date: /home/quanser/Documents/Quanser_Academic_Resources/5_research/qarm/ROS Examples/ros2/install/qarm_interfaces/share/qarm_interfaces/cmake/export_qarm_interfaces__rosidl_generator_pyExport.cmake
-- Up-to-date: /home/quanser/Documents/Quanser_Academic_Resources/5_research/qarm/ROS Examples/ros2/install/qarm_interfaces/share/qarm_interfaces/cmake/export_qarm_interfaces__rosidl_generator_pyExport-noconfig.cmake
