[0.460s] Invoking command in '/home/quanser/Documents/Quanser_Academic_Resources/5_research/qarm/ROS Examples/ros2/build/qarm_nodes': DEBUGINFOD_URLS=https://debuginfod.ubuntu.com PYTHONPATH=/home/quanser/Documents/Quanser_Academic_Resources/5_research/qarm/ROS Examples/ros2/build/qarm_nodes/prefix_override:/usr/lib/python3/dist-packages/colcon_core/task/python/colcon_distutils_commands:/home/quanser/Documents/Quanser_Academic_Resources/5_research/qarm/ROS Examples/ros2/install/qarm_nodes/lib/python3.12/site-packages:/home/quanser/Documents/Quanser_Academic_Resources/5_research/qarm/ROS Examples/ros2/install/qarm_interfaces/lib/python3.12/site-packages:/home/quanser/Documents/Quanser_Academic_Resources/5_research/qarm/ROS Examples/ros2/build/qarm_nodes:/home/quanser/Documents/Quanser_Academic_Resources/5_research/qarm/ROS Examples/ros2/install/qarm_nodes/lib/python3.12/site-packages:/opt/ros/kilted/lib/python3.12/site-packages:/home/quanser/Documents/Quanser_Academic_Resources/0_libraries/python /usr/bin/python3 -W ignore:setup.py install is deprecated -W ignore:easy_install command is deprecated setup.py develop --editable --build-directory /home/quanser/Documents/Quanser_Academic_Resources/5_research/qarm/ROS Examples/ros2/build/qarm_nodes/build --no-deps symlink_data
[0.642s] running develop
[0.749s] running egg_info
[0.760s] writing qarm_nodes.egg-info/PKG-INFO
[0.760s] writing dependency_links to qarm_nodes.egg-info/dependency_links.txt
[0.760s] writing entry points to qarm_nodes.egg-info/entry_points.txt
[0.760s] writing requirements to qarm_nodes.egg-info/requires.txt
[0.760s] writing top-level names to qarm_nodes.egg-info/top_level.txt
[0.781s] reading manifest file 'qarm_nodes.egg-info/SOURCES.txt'
[0.782s] writing manifest file 'qarm_nodes.egg-info/SOURCES.txt'
[0.793s] running build_ext
[0.793s] Creating /home/quanser/Documents/Quanser_Academic_Resources/5_research/qarm/ROS Examples/ros2/install/qarm_nodes/lib/python3.12/site-packages/qarm-nodes.egg-link (link to .)
[0.793s] Installing move_qarm_client script to /home/quanser/Documents/Quanser_Academic_Resources/5_research/qarm/ROS Examples/ros2/install/qarm_nodes/lib/qarm_nodes
[0.793s] Installing move_qarm_server script to /home/quanser/Documents/Quanser_Academic_Resources/5_research/qarm/ROS Examples/ros2/install/qarm_nodes/lib/qarm_nodes
[0.793s] Installing qarm_hardware script to /home/quanser/Documents/Quanser_Academic_Resources/5_research/qarm/ROS Examples/ros2/install/qarm_nodes/lib/qarm_nodes
[0.793s] Installing rgbd script to /home/quanser/Documents/Quanser_Academic_Resources/5_research/qarm/ROS Examples/ros2/install/qarm_nodes/lib/qarm_nodes
[0.793s] 
[0.793s] Installed /home/quanser/Documents/Quanser_Academic_Resources/5_research/qarm/ROS Examples/ros2/build/qarm_nodes
[0.794s] running symlink_data
[0.811s] Invoked command in '/home/quanser/Documents/Quanser_Academic_Resources/5_research/qarm/ROS Examples/ros2/build/qarm_nodes' returned '0': DEBUGINFOD_URLS=https://debuginfod.ubuntu.com PYTHONPATH=/home/quanser/Documents/Quanser_Academic_Resources/5_research/qarm/ROS Examples/ros2/build/qarm_nodes/prefix_override:/usr/lib/python3/dist-packages/colcon_core/task/python/colcon_distutils_commands:/home/quanser/Documents/Quanser_Academic_Resources/5_research/qarm/ROS Examples/ros2/install/qarm_nodes/lib/python3.12/site-packages:/home/quanser/Documents/Quanser_Academic_Resources/5_research/qarm/ROS Examples/ros2/install/qarm_interfaces/lib/python3.12/site-packages:/home/quanser/Documents/Quanser_Academic_Resources/5_research/qarm/ROS Examples/ros2/build/qarm_nodes:/home/quanser/Documents/Quanser_Academic_Resources/5_research/qarm/ROS Examples/ros2/install/qarm_nodes/lib/python3.12/site-packages:/opt/ros/kilted/lib/python3.12/site-packages:/home/quanser/Documents/Quanser_Academic_Resources/0_libraries/python /usr/bin/python3 -W ignore:setup.py install is deprecated -W ignore:easy_install command is deprecated setup.py develop --editable --build-directory /home/quanser/Documents/Quanser_Academic_Resources/5_research/qarm/ROS Examples/ros2/build/qarm_nodes/build --no-deps symlink_data
