[0.484s] Invoking command in '/home/quanser/Documents/Quanser_Academic_Resources/5_research/qarm/ROS Examples/ros2/build/qarm_nodes': AMENT_PREFIX_PATH=/home/quanser/Documents/Quanser_Academic_Resources/5_research/qarm/ROS Examples/ros2/install/qarm_interfaces:${AMENT_PREFIX_PATH} CMAKE_PREFIX_PATH=/home/quanser/Documents/Quanser_Academic_Resources/5_research/qarm/ROS Examples/ros2/install/qarm_interfaces:${CMAKE_PREFIX_PATH} DEBUGINFOD_URLS=https://debuginfod.ubuntu.com LD_LIBRARY_PATH=/home/quanser/Documents/Quanser_Academic_Resources/5_research/qarm/ROS Examples/ros2/install/qarm_interfaces/lib:${LD_LIBRARY_PATH} PYTHONPATH=/home/quanser/Documents/Quanser_Academic_Resources/5_research/qarm/ROS Examples/ros2/build/qarm_nodes/prefix_override:/usr/lib/python3/dist-packages/colcon_core/task/python/colcon_distutils_commands:/home/quanser/Documents/Quanser_Academic_Resources/5_research/qarm/ROS Examples/ros2/install/qarm_nodes/lib/python3.12/site-packages:/home/quanser/Documents/Quanser_Academic_Resources/5_research/qarm/ROS Examples/ros2/install/qarm_interfaces/lib/python3.12/site-packages:/opt/ros/kilted/lib/python3.12/site-packages:/home/quanser/Documents/Quanser/0_libraries/python:/home/quanser/Documents/Quanser_Academic_Resources/0_libraries/python /usr/bin/python3 -W ignore:setup.py install is deprecated -W ignore:easy_install command is deprecated setup.py develop --editable --build-directory /home/quanser/Documents/Quanser_Academic_Resources/5_research/qarm/ROS Examples/ros2/build/qarm_nodes/build --no-deps symlink_data
[0.655s] running develop
[0.755s] running egg_info
[0.755s] creating qarm_nodes.egg-info
[0.765s] writing qarm_nodes.egg-info/PKG-INFO
[0.765s] writing dependency_links to qarm_nodes.egg-info/dependency_links.txt
[0.765s] writing entry points to qarm_nodes.egg-info/entry_points.txt
[0.765s] writing requirements to qarm_nodes.egg-info/requires.txt
[0.765s] writing top-level names to qarm_nodes.egg-info/top_level.txt
[0.765s] writing manifest file 'qarm_nodes.egg-info/SOURCES.txt'
[0.785s] reading manifest file 'qarm_nodes.egg-info/SOURCES.txt'
[0.785s] writing manifest file 'qarm_nodes.egg-info/SOURCES.txt'
[0.796s] running build_ext
[0.796s] Creating /home/quanser/Documents/Quanser_Academic_Resources/5_research/qarm/ROS Examples/ros2/install/qarm_nodes/lib/python3.12/site-packages/qarm-nodes.egg-link (link to .)
[0.796s] Installing move_qarm_client script to /home/quanser/Documents/Quanser_Academic_Resources/5_research/qarm/ROS Examples/ros2/install/qarm_nodes/lib/qarm_nodes
[0.796s] Installing move_qarm_server script to /home/quanser/Documents/Quanser_Academic_Resources/5_research/qarm/ROS Examples/ros2/install/qarm_nodes/lib/qarm_nodes
[0.796s] Installing qarm_hardware script to /home/quanser/Documents/Quanser_Academic_Resources/5_research/qarm/ROS Examples/ros2/install/qarm_nodes/lib/qarm_nodes
[0.796s] Installing rgbd script to /home/quanser/Documents/Quanser_Academic_Resources/5_research/qarm/ROS Examples/ros2/install/qarm_nodes/lib/qarm_nodes
[0.796s] 
[0.796s] Installed /home/quanser/Documents/Quanser_Academic_Resources/5_research/qarm/ROS Examples/ros2/build/qarm_nodes
[0.796s] running symlink_data
[0.796s] creating /home/quanser/Documents/Quanser_Academic_Resources/5_research/qarm/ROS Examples/ros2/install/qarm_nodes/share/ament_index
[0.796s] creating /home/quanser/Documents/Quanser_Academic_Resources/5_research/qarm/ROS Examples/ros2/install/qarm_nodes/share/ament_index/resource_index
[0.796s] creating /home/quanser/Documents/Quanser_Academic_Resources/5_research/qarm/ROS Examples/ros2/install/qarm_nodes/share/ament_index/resource_index/packages
[0.796s] symbolically linking /home/quanser/Documents/Quanser_Academic_Resources/5_research/qarm/ROS Examples/ros2/build/qarm_nodes/resource/qarm_nodes -> /home/quanser/Documents/Quanser_Academic_Resources/5_research/qarm/ROS Examples/ros2/install/qarm_nodes/share/ament_index/resource_index/packages
[0.797s] symbolically linking /home/quanser/Documents/Quanser_Academic_Resources/5_research/qarm/ROS Examples/ros2/build/qarm_nodes/package.xml -> /home/quanser/Documents/Quanser_Academic_Resources/5_research/qarm/ROS Examples/ros2/install/qarm_nodes/share/qarm_nodes
[0.797s] creating /home/quanser/Documents/Quanser_Academic_Resources/5_research/qarm/ROS Examples/ros2/install/qarm_nodes/share/qarm_nodes/launch
[0.797s] symbolically linking /home/quanser/Documents/Quanser_Academic_Resources/5_research/qarm/ROS Examples/ros2/build/qarm_nodes/launch/move_qarm.py -> /home/quanser/Documents/Quanser_Academic_Resources/5_research/qarm/ROS Examples/ros2/install/qarm_nodes/share/qarm_nodes/launch
[0.813s] Invoked command in '/home/quanser/Documents/Quanser_Academic_Resources/5_research/qarm/ROS Examples/ros2/build/qarm_nodes' returned '0': AMENT_PREFIX_PATH=/home/quanser/Documents/Quanser_Academic_Resources/5_research/qarm/ROS Examples/ros2/install/qarm_interfaces:${AMENT_PREFIX_PATH} CMAKE_PREFIX_PATH=/home/quanser/Documents/Quanser_Academic_Resources/5_research/qarm/ROS Examples/ros2/install/qarm_interfaces:${CMAKE_PREFIX_PATH} DEBUGINFOD_URLS=https://debuginfod.ubuntu.com LD_LIBRARY_PATH=/home/quanser/Documents/Quanser_Academic_Resources/5_research/qarm/ROS Examples/ros2/install/qarm_interfaces/lib:${LD_LIBRARY_PATH} PYTHONPATH=/home/quanser/Documents/Quanser_Academic_Resources/5_research/qarm/ROS Examples/ros2/build/qarm_nodes/prefix_override:/usr/lib/python3/dist-packages/colcon_core/task/python/colcon_distutils_commands:/home/quanser/Documents/Quanser_Academic_Resources/5_research/qarm/ROS Examples/ros2/install/qarm_nodes/lib/python3.12/site-packages:/home/quanser/Documents/Quanser_Academic_Resources/5_research/qarm/ROS Examples/ros2/install/qarm_interfaces/lib/python3.12/site-packages:/opt/ros/kilted/lib/python3.12/site-packages:/home/quanser/Documents/Quanser/0_libraries/python:/home/quanser/Documents/Quanser_Academic_Resources/0_libraries/python /usr/bin/python3 -W ignore:setup.py install is deprecated -W ignore:easy_install command is deprecated setup.py develop --editable --build-directory /home/quanser/Documents/Quanser_Academic_Resources/5_research/qarm/ROS Examples/ros2/build/qarm_nodes/build --no-deps symlink_data
