[0.005s] Invoking command in '/home/quanser/Documents/Quanser_Academic_Resources/5_research/qarm/ROS Examples/ros2/build/qarm_interfaces': CMAKE_PREFIX_PATH=${CMAKE_PREFIX_PATH}:/opt/ros/kilted DEBUGINFOD_URLS=https://debuginfod.ubuntu.com /usr/bin/cmake /home/quanser/Documents/Quanser_Academic_Resources/5_research/qarm/ROS Examples/ros2/src/qarm_interfaces -DAMENT_CMAKE_SYMLINK_INSTALL=1 -DCMAKE_INSTALL_PREFIX=/home/quanser/Documents/Quanser_Academic_Resources/5_research/qarm/ROS Examples/ros2/install/qarm_interfaces
[0.092s] -- The C compiler identification is GNU 13.3.0
[0.153s] -- The CXX compiler identification is GNU 13.3.0
[0.167s] -- Detecting C compiler ABI info
[0.232s] -- Detecting C compiler ABI info - done
[0.237s] -- Check for working C compiler: /usr/bin/cc - skipped
[0.237s] -- Detecting C compile features
[0.237s] -- Detecting C compile features - done
[0.244s] -- Detecting CXX compiler ABI info
[0.304s] -- Detecting CXX compiler ABI info - done
[0.312s] -- Check for working CXX compiler: /usr/bin/c++ - skipped
[0.312s] -- Detecting CXX compile features
[0.312s] -- Detecting CXX compile features - done
[0.314s] -- Found ament_cmake: 2.7.5 (/opt/ros/kilted/share/ament_cmake/cmake)
[0.406s] -- Found Python3: /usr/bin/python3 (found version "3.12.3") found components: Interpreter 
[0.452s] -- Override CMake install command with custom implementation using symlinks instead of copying resources
[0.466s] -- Found action_msgs: 2.3.1 (/opt/ros/kilted/share/action_msgs/cmake)
[0.481s] -- Found rosidl_generator_c: 4.9.6 (/opt/ros/kilted/share/rosidl_generator_c/cmake)
[0.489s] -- Found rosidl_generator_cpp: 4.9.6 (/opt/ros/kilted/share/rosidl_generator_cpp/cmake)
[0.497s] -- Using all available rosidl_typesupport_c: rosidl_typesupport_fastrtps_c;rosidl_typesupport_introspection_c
[0.507s] -- Using all available rosidl_typesupport_cpp: rosidl_typesupport_fastrtps_cpp;rosidl_typesupport_introspection_cpp
[0.542s] -- Found std_msgs: 5.5.2 (/opt/ros/kilted/share/std_msgs/cmake)
[0.552s] -- Found sensor_msgs: 5.5.2 (/opt/ros/kilted/share/sensor_msgs/cmake)
[0.575s] -- Found rosidl_default_generators: 1.7.2 (/opt/ros/kilted/share/rosidl_default_generators/cmake)
[0.584s] -- Found rosidl_adapter: 4.9.6 (/opt/ros/kilted/share/rosidl_adapter/cmake)
[1.010s] -- Found ament_cmake_ros_core: 0.14.7 (/opt/ros/kilted/share/ament_cmake_ros_core/cmake)
[1.601s] -- Using all available rosidl_typesupport_c: rosidl_typesupport_fastrtps_c;rosidl_typesupport_introspection_c
[1.836s] -- Using all available rosidl_typesupport_cpp: rosidl_typesupport_fastrtps_cpp;rosidl_typesupport_introspection_cpp
[2.145s] -- Found Python3: /usr/bin/python3 (found version "3.12.3") found components: Interpreter Development NumPy Development.Module Development.Embed 
[2.236s] -- Found Python3: /usr/bin/python3 (found version "3.12.3") found components: Interpreter 
[2.239s] -- Found ament_lint_auto: 0.19.2 (/opt/ros/kilted/share/ament_lint_auto/cmake)
[2.252s] -- Added test 'lint_cmake' to check CMake code style
[2.253s] -- Added test 'xmllint' to check XML markup files
[2.255s] -- Configuring done (2.2s)
[2.284s] -- Generating done (0.0s)
[2.292s] -- Build files have been written to: /home/quanser/Documents/Quanser_Academic_Resources/5_research/qarm/ROS Examples/ros2/build/qarm_interfaces
[2.299s] Invoked command in '/home/quanser/Documents/Quanser_Academic_Resources/5_research/qarm/ROS Examples/ros2/build/qarm_interfaces' returned '0': CMAKE_PREFIX_PATH=${CMAKE_PREFIX_PATH}:/opt/ros/kilted DEBUGINFOD_URLS=https://debuginfod.ubuntu.com /usr/bin/cmake /home/quanser/Documents/Quanser_Academic_Resources/5_research/qarm/ROS Examples/ros2/src/qarm_interfaces -DAMENT_CMAKE_SYMLINK_INSTALL=1 -DCMAKE_INSTALL_PREFIX=/home/quanser/Documents/Quanser_Academic_Resources/5_research/qarm/ROS Examples/ros2/install/qarm_interfaces
[2.300s] Invoking command in '/home/quanser/Documents/Quanser_Academic_Resources/5_research/qarm/ROS Examples/ros2/build/qarm_interfaces': CMAKE_PREFIX_PATH=${CMAKE_PREFIX_PATH}:/opt/ros/kilted DEBUGINFOD_URLS=https://debuginfod.ubuntu.com /usr/bin/cmake --build /home/quanser/Documents/Quanser_Academic_Resources/5_research/qarm/ROS Examples/ros2/build/qarm_interfaces -- -j20 -l20
[2.336s] [  2%] [34m[1mGenerating type hashes for ROS interfaces[0m
[2.339s] [  4%] [34m[1mGenerating Rust code for ROS interfaces[0m
[2.343s] [  4%] Built target ament_cmake_python_symlink_qarm_interfaces
[2.469s] running egg_info
[2.469s] creating qarm_interfaces.egg-info
[2.479s] writing qarm_interfaces.egg-info/PKG-INFO
[2.479s] writing dependency_links to qarm_interfaces.egg-info/dependency_links.txt
[2.480s] writing top-level names to qarm_interfaces.egg-info/top_level.txt
[2.480s] writing manifest file 'qarm_interfaces.egg-info/SOURCES.txt'
[2.496s] [  4%] Built target qarm_interfaces__rosidl_generator_type_description
[2.503s] [  6%] [34m[1mGenerating C code for ROS interfaces[0m
[2.508s] [  8%] [34m[1mGenerating C++ code for ROS interfaces[0m
[2.511s] reading manifest file 'qarm_interfaces.egg-info/SOURCES.txt'
[2.511s] writing manifest file 'qarm_interfaces.egg-info/SOURCES.txt'
[2.521s] [  8%] Built target qarm_interfaces__rs
[2.528s] [  8%] Built target ament_cmake_python_build_qarm_interfaces_egg
[2.775s] [  8%] Built target qarm_interfaces__cpp
[2.797s] [ 17%] [32mBuilding C object CMakeFiles/qarm_interfaces__rosidl_generator_c.dir/rosidl_generator_c/qarm_interfaces/msg/detail/q_arm_diagnostics__description.c.o[0m
[2.798s] [ 17%] [32mBuilding C object CMakeFiles/qarm_interfaces__rosidl_generator_c.dir/rosidl_generator_c/qarm_interfaces/action/detail/move_q_arm__functions.c.o[0m
[2.798s] [ 17%] [32mBuilding C object CMakeFiles/qarm_interfaces__rosidl_generator_c.dir/rosidl_generator_c/qarm_interfaces/msg/detail/q_arm_diagnostics__type_support.c.o[0m
[2.798s] [ 17%] [32mBuilding C object CMakeFiles/qarm_interfaces__rosidl_generator_c.dir/rosidl_generator_c/qarm_interfaces/action/detail/move_q_arm__description.c.o[0m
[2.798s] [ 20%] [32mBuilding C object CMakeFiles/qarm_interfaces__rosidl_generator_c.dir/rosidl_generator_c/qarm_interfaces/action/detail/move_q_arm__type_support.c.o[0m
[2.798s] [ 22%] [32mBuilding C object CMakeFiles/qarm_interfaces__rosidl_generator_c.dir/rosidl_generator_c/qarm_interfaces/msg/detail/q_arm_diagnostics__functions.c.o[0m
[2.897s] [ 24%] [32m[1mLinking C shared library libqarm_interfaces__rosidl_generator_c.so[0m
[2.922s] [ 24%] Built target qarm_interfaces__rosidl_generator_c
[2.927s] [ 28%] [34m[1mGenerating C introspection for ROS interfaces[0m
[2.928s] [ 28%] [34m[1mGenerating C type support dispatch for ROS interfaces[0m
[2.928s] [ 33%] [34m[1mGenerating C++ type support dispatch for ROS interfaces[0m
[2.928s] [ 33%] [34m[1mGenerating C++ introspection for ROS interfaces[0m
[2.928s] [ 35%] [34m[1mGenerating C++ type support for eProsima Fast-RTPS[0m
[2.930s] [ 37%] [34m[1mGenerating C type support for eProsima Fast-RTPS[0m
[3.121s] [ 40%] [32mBuilding CXX object CMakeFiles/qarm_interfaces__rosidl_typesupport_c.dir/rosidl_typesupport_c/qarm_interfaces/action/move_q_arm__type_support.cpp.o[0m
[3.121s] [ 42%] [32mBuilding CXX object CMakeFiles/qarm_interfaces__rosidl_typesupport_c.dir/rosidl_typesupport_c/qarm_interfaces/msg/q_arm_diagnostics__type_support.cpp.o[0m
[3.122s] [ 44%] [32mBuilding CXX object CMakeFiles/qarm_interfaces__rosidl_typesupport_cpp.dir/rosidl_typesupport_cpp/qarm_interfaces/msg/q_arm_diagnostics__type_support.cpp.o[0m
[3.122s] [ 46%] [32mBuilding CXX object CMakeFiles/qarm_interfaces__rosidl_typesupport_cpp.dir/rosidl_typesupport_cpp/qarm_interfaces/action/move_q_arm__type_support.cpp.o[0m
[3.154s] [ 51%] [32mBuilding CXX object CMakeFiles/qarm_interfaces__rosidl_typesupport_introspection_cpp.dir/rosidl_typesupport_introspection_cpp/qarm_interfaces/msg/detail/q_arm_diagnostics__type_support.cpp.o[0m
[3.154s] [ 51%] [32mBuilding CXX object CMakeFiles/qarm_interfaces__rosidl_typesupport_introspection_cpp.dir/rosidl_typesupport_introspection_cpp/qarm_interfaces/action/detail/move_q_arm__type_support.cpp.o[0m
[3.156s] [ 53%] [32m[1mLinking CXX shared library libqarm_interfaces__rosidl_typesupport_c.so[0m
[3.161s] [ 55%] [32mBuilding C object CMakeFiles/qarm_interfaces__rosidl_typesupport_introspection_c.dir/rosidl_typesupport_introspection_c/qarm_interfaces/action/detail/move_q_arm__type_support.c.o[0m
[3.162s] [ 57%] [32mBuilding C object CMakeFiles/qarm_interfaces__rosidl_typesupport_introspection_c.dir/rosidl_typesupport_introspection_c/qarm_interfaces/msg/detail/q_arm_diagnostics__type_support.c.o[0m
[3.181s] [ 57%] Built target qarm_interfaces__rosidl_typesupport_c
[3.201s] [ 60%] [32m[1mLinking C shared library libqarm_interfaces__rosidl_typesupport_introspection_c.so[0m
[3.225s] [ 60%] Built target qarm_interfaces__rosidl_typesupport_introspection_c
[3.228s] [ 62%] [32mBuilding CXX object CMakeFiles/qarm_interfaces__rosidl_typesupport_fastrtps_cpp.dir/rosidl_typesupport_fastrtps_cpp/qarm_interfaces/msg/detail/dds_fastrtps/q_arm_diagnostics__type_support.cpp.o[0m
[3.228s] [ 64%] [32mBuilding CXX object CMakeFiles/qarm_interfaces__rosidl_typesupport_fastrtps_cpp.dir/rosidl_typesupport_fastrtps_cpp/qarm_interfaces/action/detail/dds_fastrtps/move_q_arm__type_support.cpp.o[0m
[3.256s] [ 66%] [32mBuilding CXX object CMakeFiles/qarm_interfaces__rosidl_typesupport_fastrtps_c.dir/rosidl_typesupport_fastrtps_c/qarm_interfaces/action/detail/move_q_arm__type_support_c.cpp.o[0m
[3.257s] [ 68%] [32mBuilding CXX object CMakeFiles/qarm_interfaces__rosidl_typesupport_fastrtps_c.dir/rosidl_typesupport_fastrtps_c/qarm_interfaces/msg/detail/q_arm_diagnostics__type_support_c.cpp.o[0m
[3.514s] [ 71%] [32m[1mLinking CXX shared library libqarm_interfaces__rosidl_typesupport_cpp.so[0m
[3.550s] [ 73%] [32m[1mLinking CXX shared library libqarm_interfaces__rosidl_typesupport_introspection_cpp.so[0m
[3.558s] [ 73%] Built target qarm_interfaces__rosidl_typesupport_cpp
[3.579s] [ 75%] [32m[1mLinking CXX shared library libqarm_interfaces__rosidl_typesupport_fastrtps_c.so[0m
[3.598s] [ 75%] Built target qarm_interfaces__rosidl_typesupport_introspection_cpp
[3.625s] [ 75%] Built target qarm_interfaces__rosidl_typesupport_fastrtps_c
[3.766s] [ 77%] [32m[1mLinking CXX shared library libqarm_interfaces__rosidl_typesupport_fastrtps_cpp.so[0m
[3.815s] [ 77%] Built target qarm_interfaces__rosidl_typesupport_fastrtps_cpp
[3.829s] [ 77%] Built target qarm_interfaces
[3.844s] [ 80%] [34m[1mGenerating Python code for ROS interfaces[0m
[4.270s] [ 80%] Built target qarm_interfaces__py
[4.283s] [ 84%] [32mBuilding C object CMakeFiles/qarm_interfaces__rosidl_generator_py.dir/rosidl_generator_py/qarm_interfaces/msg/_q_arm_diagnostics_s.c.o[0m
[4.283s] [ 84%] [32mBuilding C object CMakeFiles/qarm_interfaces__rosidl_generator_py.dir/rosidl_generator_py/qarm_interfaces/action/_move_q_arm_s.c.o[0m
[4.419s] [ 86%] [32m[1mLinking C shared library libqarm_interfaces__rosidl_generator_py.so[0m
[4.451s] [ 86%] Built target qarm_interfaces__rosidl_generator_py
[4.463s] [ 88%] [32mBuilding C object CMakeFiles/qarm_interfaces_s__rosidl_typesupport_introspection_c.dir/rosidl_generator_py/qarm_interfaces/_qarm_interfaces_s.ep.rosidl_typesupport_introspection_c.c.o[0m
[4.463s] [ 91%] [32mBuilding C object CMakeFiles/qarm_interfaces_s__rosidl_typesupport_fastrtps_c.dir/rosidl_generator_py/qarm_interfaces/_qarm_interfaces_s.ep.rosidl_typesupport_fastrtps_c.c.o[0m
[4.463s] [ 93%] [32mBuilding C object CMakeFiles/qarm_interfaces_s__rosidl_typesupport_c.dir/rosidl_generator_py/qarm_interfaces/_qarm_interfaces_s.ep.rosidl_typesupport_c.c.o[0m
[4.535s] [ 95%] [32m[1mLinking C shared module rosidl_generator_py/qarm_interfaces/qarm_interfaces_s__rosidl_typesupport_introspection_c.so[0m
[4.537s] [ 97%] [32m[1mLinking C shared module rosidl_generator_py/qarm_interfaces/qarm_interfaces_s__rosidl_typesupport_c.so[0m
[4.538s] [100%] [32m[1mLinking C shared module rosidl_generator_py/qarm_interfaces/qarm_interfaces_s__rosidl_typesupport_fastrtps_c.so[0m
[4.556s] [100%] Built target qarm_interfaces_s__rosidl_typesupport_fastrtps_c
[4.558s] [100%] Built target qarm_interfaces_s__rosidl_typesupport_introspection_c
[4.560s] [100%] Built target qarm_interfaces_s__rosidl_typesupport_c
[4.566s] Invoked command in '/home/quanser/Documents/Quanser_Academic_Resources/5_research/qarm/ROS Examples/ros2/build/qarm_interfaces' returned '0': CMAKE_PREFIX_PATH=${CMAKE_PREFIX_PATH}:/opt/ros/kilted DEBUGINFOD_URLS=https://debuginfod.ubuntu.com /usr/bin/cmake --build /home/quanser/Documents/Quanser_Academic_Resources/5_research/qarm/ROS Examples/ros2/build/qarm_interfaces -- -j20 -l20
[4.571s] Invoking command in '/home/quanser/Documents/Quanser_Academic_Resources/5_research/qarm/ROS Examples/ros2/build/qarm_interfaces': CMAKE_PREFIX_PATH=${CMAKE_PREFIX_PATH}:/opt/ros/kilted DEBUGINFOD_URLS=https://debuginfod.ubuntu.com /usr/bin/cmake --install /home/quanser/Documents/Quanser_Academic_Resources/5_research/qarm/ROS Examples/ros2/build/qarm_interfaces
[4.577s] -- Install configuration: ""
[4.577s] -- Execute custom install script
[4.578s] -- Symlinking: /home/quanser/Documents/Quanser_Academic_Resources/5_research/qarm/ROS Examples/ros2/install/qarm_interfaces/share/ament_index/resource_index/rosidl_interfaces/qarm_interfaces
[4.582s] -- Symlinking: /home/quanser/Documents/Quanser_Academic_Resources/5_research/qarm/ROS Examples/ros2/install/qarm_interfaces/share/qarm_interfaces/msg/QArmDiagnostics.json
[4.587s] -- Symlinking: /home/quanser/Documents/Quanser_Academic_Resources/5_research/qarm/ROS Examples/ros2/install/qarm_interfaces/share/qarm_interfaces/action/MoveQArm.json
[4.593s] -- Symlinking: /home/quanser/Documents/Quanser_Academic_Resources/5_research/qarm/ROS Examples/ros2/install/qarm_interfaces/include/qarm_interfaces/qarm_interfaces/action/detail/move_q_arm__functions.h
[4.598s] -- Symlinking: /home/quanser/Documents/Quanser_Academic_Resources/5_research/qarm/ROS Examples/ros2/install/qarm_interfaces/include/qarm_interfaces/qarm_interfaces/action/detail/move_q_arm__struct.h
[4.602s] -- Symlinking: /home/quanser/Documents/Quanser_Academic_Resources/5_research/qarm/ROS Examples/ros2/install/qarm_interfaces/include/qarm_interfaces/qarm_interfaces/action/detail/move_q_arm__type_support.h
[4.608s] -- Symlinking: /home/quanser/Documents/Quanser_Academic_Resources/5_research/qarm/ROS Examples/ros2/install/qarm_interfaces/include/qarm_interfaces/qarm_interfaces/action/move_q_arm.h
[4.612s] -- Symlinking: /home/quanser/Documents/Quanser_Academic_Resources/5_research/qarm/ROS Examples/ros2/install/qarm_interfaces/include/qarm_interfaces/qarm_interfaces/msg/detail/q_arm_diagnostics__functions.h
[4.617s] -- Symlinking: /home/quanser/Documents/Quanser_Academic_Resources/5_research/qarm/ROS Examples/ros2/install/qarm_interfaces/include/qarm_interfaces/qarm_interfaces/msg/detail/q_arm_diagnostics__struct.h
[4.622s] -- Symlinking: /home/quanser/Documents/Quanser_Academic_Resources/5_research/qarm/ROS Examples/ros2/install/qarm_interfaces/include/qarm_interfaces/qarm_interfaces/msg/detail/q_arm_diagnostics__type_support.h
[4.626s] -- Symlinking: /home/quanser/Documents/Quanser_Academic_Resources/5_research/qarm/ROS Examples/ros2/install/qarm_interfaces/include/qarm_interfaces/qarm_interfaces/msg/q_arm_diagnostics.h
[4.631s] -- Symlinking: /home/quanser/Documents/Quanser_Academic_Resources/5_research/qarm/ROS Examples/ros2/install/qarm_interfaces/include/qarm_interfaces/qarm_interfaces/msg/rosidl_generator_c__visibility_control.h
[4.635s] -- Symlinking: /home/quanser/Documents/Quanser_Academic_Resources/5_research/qarm/ROS Examples/ros2/install/qarm_interfaces/share/qarm_interfaces/environment/library_path.sh
[4.639s] -- Symlinking: /home/quanser/Documents/Quanser_Academic_Resources/5_research/qarm/ROS Examples/ros2/install/qarm_interfaces/share/qarm_interfaces/environment/library_path.dsv
[4.643s] -- Symlinking: /home/quanser/Documents/Quanser_Academic_Resources/5_research/qarm/ROS Examples/ros2/install/qarm_interfaces/include/qarm_interfaces/qarm_interfaces/action/detail/move_q_arm__rosidl_typesupport_fastrtps_c.h
[4.649s] -- Symlinking: /home/quanser/Documents/Quanser_Academic_Resources/5_research/qarm/ROS Examples/ros2/install/qarm_interfaces/include/qarm_interfaces/qarm_interfaces/msg/detail/q_arm_diagnostics__rosidl_typesupport_fastrtps_c.h
[4.654s] -- Symlinking: /home/quanser/Documents/Quanser_Academic_Resources/5_research/qarm/ROS Examples/ros2/install/qarm_interfaces/include/qarm_interfaces/qarm_interfaces/msg/rosidl_typesupport_fastrtps_c__visibility_control.h
[4.659s] -- Symlinking: /home/quanser/Documents/Quanser_Academic_Resources/5_research/qarm/ROS Examples/ros2/install/qarm_interfaces/include/qarm_interfaces/qarm_interfaces/action/detail/move_q_arm__builder.hpp
[4.666s] -- Symlinking: /home/quanser/Documents/Quanser_Academic_Resources/5_research/qarm/ROS Examples/ros2/install/qarm_interfaces/include/qarm_interfaces/qarm_interfaces/action/detail/move_q_arm__struct.hpp
[4.670s] -- Symlinking: /home/quanser/Documents/Quanser_Academic_Resources/5_research/qarm/ROS Examples/ros2/install/qarm_interfaces/include/qarm_interfaces/qarm_interfaces/action/detail/move_q_arm__traits.hpp
[4.675s] -- Symlinking: /home/quanser/Documents/Quanser_Academic_Resources/5_research/qarm/ROS Examples/ros2/install/qarm_interfaces/include/qarm_interfaces/qarm_interfaces/action/detail/move_q_arm__type_support.hpp
[4.679s] -- Symlinking: /home/quanser/Documents/Quanser_Academic_Resources/5_research/qarm/ROS Examples/ros2/install/qarm_interfaces/include/qarm_interfaces/qarm_interfaces/action/move_q_arm.hpp
[4.685s] -- Symlinking: /home/quanser/Documents/Quanser_Academic_Resources/5_research/qarm/ROS Examples/ros2/install/qarm_interfaces/include/qarm_interfaces/qarm_interfaces/msg/detail/q_arm_diagnostics__builder.hpp
[4.689s] -- Symlinking: /home/quanser/Documents/Quanser_Academic_Resources/5_research/qarm/ROS Examples/ros2/install/qarm_interfaces/include/qarm_interfaces/qarm_interfaces/msg/detail/q_arm_diagnostics__struct.hpp
[4.693s] -- Symlinking: /home/quanser/Documents/Quanser_Academic_Resources/5_research/qarm/ROS Examples/ros2/install/qarm_interfaces/include/qarm_interfaces/qarm_interfaces/msg/detail/q_arm_diagnostics__traits.hpp
[4.698s] -- Symlinking: /home/quanser/Documents/Quanser_Academic_Resources/5_research/qarm/ROS Examples/ros2/install/qarm_interfaces/include/qarm_interfaces/qarm_interfaces/msg/detail/q_arm_diagnostics__type_support.hpp
[4.704s] -- Symlinking: /home/quanser/Documents/Quanser_Academic_Resources/5_research/qarm/ROS Examples/ros2/install/qarm_interfaces/include/qarm_interfaces/qarm_interfaces/msg/q_arm_diagnostics.hpp
[4.709s] -- Symlinking: /home/quanser/Documents/Quanser_Academic_Resources/5_research/qarm/ROS Examples/ros2/install/qarm_interfaces/include/qarm_interfaces/qarm_interfaces/msg/rosidl_generator_cpp__visibility_control.hpp
[4.713s] -- Symlinking: /home/quanser/Documents/Quanser_Academic_Resources/5_research/qarm/ROS Examples/ros2/install/qarm_interfaces/include/qarm_interfaces/qarm_interfaces/action/detail/move_q_arm__rosidl_typesupport_fastrtps_cpp.hpp
[4.717s] -- Symlinking: /home/quanser/Documents/Quanser_Academic_Resources/5_research/qarm/ROS Examples/ros2/install/qarm_interfaces/include/qarm_interfaces/qarm_interfaces/msg/detail/q_arm_diagnostics__rosidl_typesupport_fastrtps_cpp.hpp
[4.722s] -- Symlinking: /home/quanser/Documents/Quanser_Academic_Resources/5_research/qarm/ROS Examples/ros2/install/qarm_interfaces/include/qarm_interfaces/qarm_interfaces/msg/rosidl_typesupport_fastrtps_cpp__visibility_control.h
[4.727s] -- Symlinking: /home/quanser/Documents/Quanser_Academic_Resources/5_research/qarm/ROS Examples/ros2/install/qarm_interfaces/include/qarm_interfaces/qarm_interfaces/action/detail/move_q_arm__rosidl_typesupport_introspection_c.h
[4.732s] -- Symlinking: /home/quanser/Documents/Quanser_Academic_Resources/5_research/qarm/ROS Examples/ros2/install/qarm_interfaces/include/qarm_interfaces/qarm_interfaces/msg/detail/q_arm_diagnostics__rosidl_typesupport_introspection_c.h
[4.737s] -- Symlinking: /home/quanser/Documents/Quanser_Academic_Resources/5_research/qarm/ROS Examples/ros2/install/qarm_interfaces/include/qarm_interfaces/qarm_interfaces/msg/rosidl_typesupport_introspection_c__visibility_control.h
[4.742s] -- Symlinking: /home/quanser/Documents/Quanser_Academic_Resources/5_research/qarm/ROS Examples/ros2/install/qarm_interfaces/include/qarm_interfaces/qarm_interfaces/action/detail/move_q_arm__rosidl_typesupport_introspection_cpp.hpp
[4.749s] -- Symlinking: /home/quanser/Documents/Quanser_Academic_Resources/5_research/qarm/ROS Examples/ros2/install/qarm_interfaces/include/qarm_interfaces/qarm_interfaces/msg/detail/q_arm_diagnostics__rosidl_typesupport_introspection_cpp.hpp
[4.753s] -- Symlinking: /home/quanser/Documents/Quanser_Academic_Resources/5_research/qarm/ROS Examples/ros2/install/qarm_interfaces/share/qarm_interfaces/environment/pythonpath.sh
[4.757s] -- Symlinking: /home/quanser/Documents/Quanser_Academic_Resources/5_research/qarm/ROS Examples/ros2/install/qarm_interfaces/share/qarm_interfaces/environment/pythonpath.dsv
[4.762s] -- Symlinking: /home/quanser/Documents/Quanser_Academic_Resources/5_research/qarm/ROS Examples/ros2/install/qarm_interfaces/lib/python3.12/site-packages/qarm_interfaces-0.0.0-py3.12.egg-info/PKG-INFO
[4.767s] -- Symlinking: /home/quanser/Documents/Quanser_Academic_Resources/5_research/qarm/ROS Examples/ros2/install/qarm_interfaces/lib/python3.12/site-packages/qarm_interfaces-0.0.0-py3.12.egg-info/SOURCES.txt
[4.772s] -- Symlinking: /home/quanser/Documents/Quanser_Academic_Resources/5_research/qarm/ROS Examples/ros2/install/qarm_interfaces/lib/python3.12/site-packages/qarm_interfaces-0.0.0-py3.12.egg-info/dependency_links.txt
[4.776s] -- Symlinking: /home/quanser/Documents/Quanser_Academic_Resources/5_research/qarm/ROS Examples/ros2/install/qarm_interfaces/lib/python3.12/site-packages/qarm_interfaces-0.0.0-py3.12.egg-info/top_level.txt
[4.782s] -- Symlinking: /home/quanser/Documents/Quanser_Academic_Resources/5_research/qarm/ROS Examples/ros2/install/qarm_interfaces/lib/python3.12/site-packages/qarm_interfaces/__init__.py
[4.787s] -- Symlinking: /home/quanser/Documents/Quanser_Academic_Resources/5_research/qarm/ROS Examples/ros2/install/qarm_interfaces/lib/python3.12/site-packages/qarm_interfaces/_qarm_interfaces_s.ep.rosidl_typesupport_c.c
[4.792s] -- Symlinking: /home/quanser/Documents/Quanser_Academic_Resources/5_research/qarm/ROS Examples/ros2/install/qarm_interfaces/lib/python3.12/site-packages/qarm_interfaces/_qarm_interfaces_s.ep.rosidl_typesupport_fastrtps_c.c
[4.796s] -- Symlinking: /home/quanser/Documents/Quanser_Academic_Resources/5_research/qarm/ROS Examples/ros2/install/qarm_interfaces/lib/python3.12/site-packages/qarm_interfaces/_qarm_interfaces_s.ep.rosidl_typesupport_introspection_c.c
[4.801s] -- Symlinking: /home/quanser/Documents/Quanser_Academic_Resources/5_research/qarm/ROS Examples/ros2/install/qarm_interfaces/lib/python3.12/site-packages/qarm_interfaces/action/__init__.py
[4.806s] -- Symlinking: /home/quanser/Documents/Quanser_Academic_Resources/5_research/qarm/ROS Examples/ros2/install/qarm_interfaces/lib/python3.12/site-packages/qarm_interfaces/action/_move_q_arm.py
[4.810s] -- Symlinking: /home/quanser/Documents/Quanser_Academic_Resources/5_research/qarm/ROS Examples/ros2/install/qarm_interfaces/lib/python3.12/site-packages/qarm_interfaces/action/_move_q_arm_s.c
[4.814s] -- Symlinking: /home/quanser/Documents/Quanser_Academic_Resources/5_research/qarm/ROS Examples/ros2/install/qarm_interfaces/lib/python3.12/site-packages/qarm_interfaces/msg/__init__.py
[4.818s] -- Symlinking: /home/quanser/Documents/Quanser_Academic_Resources/5_research/qarm/ROS Examples/ros2/install/qarm_interfaces/lib/python3.12/site-packages/qarm_interfaces/msg/_q_arm_diagnostics.py
[4.822s] -- Symlinking: /home/quanser/Documents/Quanser_Academic_Resources/5_research/qarm/ROS Examples/ros2/install/qarm_interfaces/lib/python3.12/site-packages/qarm_interfaces/msg/_q_arm_diagnostics_s.c
[4.828s] -- Symlinking: /home/quanser/Documents/Quanser_Academic_Resources/5_research/qarm/ROS Examples/ros2/install/qarm_interfaces/lib/python3.12/site-packages/qarm_interfaces/qarm_interfaces_s__rosidl_typesupport_c.so
[4.833s] -- Symlinking: /home/quanser/Documents/Quanser_Academic_Resources/5_research/qarm/ROS Examples/ros2/install/qarm_interfaces/lib/python3.12/site-packages/qarm_interfaces/qarm_interfaces_s__rosidl_typesupport_fastrtps_c.so
[4.837s] -- Symlinking: /home/quanser/Documents/Quanser_Academic_Resources/5_research/qarm/ROS Examples/ros2/install/qarm_interfaces/lib/python3.12/site-packages/qarm_interfaces/qarm_interfaces_s__rosidl_typesupport_introspection_c.so
[4.842s] -- Up-to-date symlink: /home/quanser/Documents/Quanser_Academic_Resources/5_research/qarm/ROS Examples/ros2/install/qarm_interfaces/lib/python3.12/site-packages/qarm_interfaces/qarm_interfaces_s__rosidl_typesupport_fastrtps_c.so
[4.842s] -- Up-to-date symlink: /home/quanser/Documents/Quanser_Academic_Resources/5_research/qarm/ROS Examples/ros2/install/qarm_interfaces/lib/python3.12/site-packages/qarm_interfaces/qarm_interfaces_s__rosidl_typesupport_introspection_c.so
[4.842s] -- Up-to-date symlink: /home/quanser/Documents/Quanser_Academic_Resources/5_research/qarm/ROS Examples/ros2/install/qarm_interfaces/lib/python3.12/site-packages/qarm_interfaces/qarm_interfaces_s__rosidl_typesupport_c.so
[4.843s] -- Symlinking: /home/quanser/Documents/Quanser_Academic_Resources/5_research/qarm/ROS Examples/ros2/install/qarm_interfaces/share/ament_index/resource_index/rust_packages/qarm_interfaces
[4.847s] -- Symlinking: /home/quanser/Documents/Quanser_Academic_Resources/5_research/qarm/ROS Examples/ros2/install/qarm_interfaces/share/qarm_interfaces/rust/Cargo.toml
[4.852s] -- Symlinking: /home/quanser/Documents/Quanser_Academic_Resources/5_research/qarm/ROS Examples/ros2/install/qarm_interfaces/share/qarm_interfaces/rust/build.rs
[4.857s] -- Symlinking: /home/quanser/Documents/Quanser_Academic_Resources/5_research/qarm/ROS Examples/ros2/install/qarm_interfaces/share/qarm_interfaces/rust/src/action.rs
[4.862s] -- Symlinking: /home/quanser/Documents/Quanser_Academic_Resources/5_research/qarm/ROS Examples/ros2/install/qarm_interfaces/share/qarm_interfaces/rust/src/action/rmw.rs
[4.866s] -- Symlinking: /home/quanser/Documents/Quanser_Academic_Resources/5_research/qarm/ROS Examples/ros2/install/qarm_interfaces/share/qarm_interfaces/rust/src/lib.rs
[4.871s] -- Symlinking: /home/quanser/Documents/Quanser_Academic_Resources/5_research/qarm/ROS Examples/ros2/install/qarm_interfaces/share/qarm_interfaces/rust/src/msg.rs
[4.876s] -- Symlinking: /home/quanser/Documents/Quanser_Academic_Resources/5_research/qarm/ROS Examples/ros2/install/qarm_interfaces/share/qarm_interfaces/rust/src/msg/rmw.rs
[4.882s] -- Symlinking: /home/quanser/Documents/Quanser_Academic_Resources/5_research/qarm/ROS Examples/ros2/install/qarm_interfaces/share/qarm_interfaces/msg/QArmDiagnostics.idl
[4.887s] -- Symlinking: /home/quanser/Documents/Quanser_Academic_Resources/5_research/qarm/ROS Examples/ros2/install/qarm_interfaces/share/qarm_interfaces/action/MoveQArm.idl
[4.891s] -- Symlinking: /home/quanser/Documents/Quanser_Academic_Resources/5_research/qarm/ROS Examples/ros2/install/qarm_interfaces/share/qarm_interfaces/msg/QArmDiagnostics.msg
[4.897s] -- Symlinking: /home/quanser/Documents/Quanser_Academic_Resources/5_research/qarm/ROS Examples/ros2/install/qarm_interfaces/share/qarm_interfaces/action/MoveQArm.action
[4.902s] -- Symlinking: /home/quanser/Documents/Quanser_Academic_Resources/5_research/qarm/ROS Examples/ros2/install/qarm_interfaces/share/ament_index/resource_index/package_run_dependencies/qarm_interfaces
[4.908s] -- Symlinking: /home/quanser/Documents/Quanser_Academic_Resources/5_research/qarm/ROS Examples/ros2/install/qarm_interfaces/share/ament_index/resource_index/parent_prefix_path/qarm_interfaces
[4.915s] -- Symlinking: /home/quanser/Documents/Quanser_Academic_Resources/5_research/qarm/ROS Examples/ros2/install/qarm_interfaces/share/qarm_interfaces/environment/ament_prefix_path.sh
[4.919s] -- Symlinking: /home/quanser/Documents/Quanser_Academic_Resources/5_research/qarm/ROS Examples/ros2/install/qarm_interfaces/share/qarm_interfaces/environment/ament_prefix_path.dsv
[4.923s] -- Symlinking: /home/quanser/Documents/Quanser_Academic_Resources/5_research/qarm/ROS Examples/ros2/install/qarm_interfaces/share/qarm_interfaces/environment/path.sh
[4.928s] -- Symlinking: /home/quanser/Documents/Quanser_Academic_Resources/5_research/qarm/ROS Examples/ros2/install/qarm_interfaces/share/qarm_interfaces/environment/path.dsv
[4.932s] -- Symlinking: /home/quanser/Documents/Quanser_Academic_Resources/5_research/qarm/ROS Examples/ros2/install/qarm_interfaces/share/qarm_interfaces/local_setup.bash
[4.937s] -- Symlinking: /home/quanser/Documents/Quanser_Academic_Resources/5_research/qarm/ROS Examples/ros2/install/qarm_interfaces/share/qarm_interfaces/local_setup.sh
[4.942s] -- Symlinking: /home/quanser/Documents/Quanser_Academic_Resources/5_research/qarm/ROS Examples/ros2/install/qarm_interfaces/share/qarm_interfaces/local_setup.zsh
[4.948s] -- Symlinking: /home/quanser/Documents/Quanser_Academic_Resources/5_research/qarm/ROS Examples/ros2/install/qarm_interfaces/share/qarm_interfaces/local_setup.dsv
[4.952s] -- Symlinking: /home/quanser/Documents/Quanser_Academic_Resources/5_research/qarm/ROS Examples/ros2/install/qarm_interfaces/share/qarm_interfaces/package.dsv
[4.957s] -- Symlinking: /home/quanser/Documents/Quanser_Academic_Resources/5_research/qarm/ROS Examples/ros2/install/qarm_interfaces/share/ament_index/resource_index/packages/qarm_interfaces
[4.961s] -- Symlinking: /home/quanser/Documents/Quanser_Academic_Resources/5_research/qarm/ROS Examples/ros2/install/qarm_interfaces/share/qarm_interfaces/cmake/rosidl_cmake-extras.cmake
[4.967s] -- Symlinking: /home/quanser/Documents/Quanser_Academic_Resources/5_research/qarm/ROS Examples/ros2/install/qarm_interfaces/share/qarm_interfaces/cmake/ament_cmake_export_dependencies-extras.cmake
[4.972s] -- Symlinking: /home/quanser/Documents/Quanser_Academic_Resources/5_research/qarm/ROS Examples/ros2/install/qarm_interfaces/share/qarm_interfaces/cmake/ament_cmake_export_include_directories-extras.cmake
[4.977s] -- Symlinking: /home/quanser/Documents/Quanser_Academic_Resources/5_research/qarm/ROS Examples/ros2/install/qarm_interfaces/share/qarm_interfaces/cmake/ament_cmake_export_libraries-extras.cmake
[4.983s] -- Symlinking: /home/quanser/Documents/Quanser_Academic_Resources/5_research/qarm/ROS Examples/ros2/install/qarm_interfaces/share/qarm_interfaces/cmake/ament_cmake_export_targets-extras.cmake
[4.988s] -- Symlinking: /home/quanser/Documents/Quanser_Academic_Resources/5_research/qarm/ROS Examples/ros2/install/qarm_interfaces/share/qarm_interfaces/cmake/rosidl_cmake_export_typesupport_targets-extras.cmake
[4.993s] -- Symlinking: /home/quanser/Documents/Quanser_Academic_Resources/5_research/qarm/ROS Examples/ros2/install/qarm_interfaces/share/qarm_interfaces/cmake/rosidl_cmake_export_typesupport_libraries-extras.cmake
[4.997s] -- Symlinking: /home/quanser/Documents/Quanser_Academic_Resources/5_research/qarm/ROS Examples/ros2/install/qarm_interfaces/share/qarm_interfaces/cmake/qarm_interfacesConfig.cmake
[5.002s] -- Symlinking: /home/quanser/Documents/Quanser_Academic_Resources/5_research/qarm/ROS Examples/ros2/install/qarm_interfaces/share/qarm_interfaces/cmake/qarm_interfacesConfig-version.cmake
[5.009s] -- Symlinking: /home/quanser/Documents/Quanser_Academic_Resources/5_research/qarm/ROS Examples/ros2/install/qarm_interfaces/share/qarm_interfaces/package.xml
[5.013s] -- Installing: /home/quanser/Documents/Quanser_Academic_Resources/5_research/qarm/ROS Examples/ros2/install/qarm_interfaces/lib/libqarm_interfaces__rosidl_generator_c.so
[5.013s] -- Set non-toolchain portion of runtime path of "/home/quanser/Documents/Quanser_Academic_Resources/5_research/qarm/ROS Examples/ros2/install/qarm_interfaces/lib/libqarm_interfaces__rosidl_generator_c.so" to ""
[5.013s] -- Installing: /home/quanser/Documents/Quanser_Academic_Resources/5_research/qarm/ROS Examples/ros2/install/qarm_interfaces/lib/libqarm_interfaces__rosidl_typesupport_fastrtps_c.so
[5.013s] -- Set non-toolchain portion of runtime path of "/home/quanser/Documents/Quanser_Academic_Resources/5_research/qarm/ROS Examples/ros2/install/qarm_interfaces/lib/libqarm_interfaces__rosidl_typesupport_fastrtps_c.so" to ""
[5.013s] -- Installing: /home/quanser/Documents/Quanser_Academic_Resources/5_research/qarm/ROS Examples/ros2/install/qarm_interfaces/lib/libqarm_interfaces__rosidl_typesupport_fastrtps_cpp.so
[5.013s] -- Set non-toolchain portion of runtime path of "/home/quanser/Documents/Quanser_Academic_Resources/5_research/qarm/ROS Examples/ros2/install/qarm_interfaces/lib/libqarm_interfaces__rosidl_typesupport_fastrtps_cpp.so" to ""
[5.014s] -- Installing: /home/quanser/Documents/Quanser_Academic_Resources/5_research/qarm/ROS Examples/ros2/install/qarm_interfaces/lib/libqarm_interfaces__rosidl_typesupport_introspection_c.so
[5.014s] -- Set non-toolchain portion of runtime path of "/home/quanser/Documents/Quanser_Academic_Resources/5_research/qarm/ROS Examples/ros2/install/qarm_interfaces/lib/libqarm_interfaces__rosidl_typesupport_introspection_c.so" to ""
[5.014s] -- Installing: /home/quanser/Documents/Quanser_Academic_Resources/5_research/qarm/ROS Examples/ros2/install/qarm_interfaces/lib/libqarm_interfaces__rosidl_typesupport_c.so
[5.014s] -- Set non-toolchain portion of runtime path of "/home/quanser/Documents/Quanser_Academic_Resources/5_research/qarm/ROS Examples/ros2/install/qarm_interfaces/lib/libqarm_interfaces__rosidl_typesupport_c.so" to ""
[5.014s] -- Installing: /home/quanser/Documents/Quanser_Academic_Resources/5_research/qarm/ROS Examples/ros2/install/qarm_interfaces/lib/libqarm_interfaces__rosidl_typesupport_introspection_cpp.so
[5.014s] -- Set non-toolchain portion of runtime path of "/home/quanser/Documents/Quanser_Academic_Resources/5_research/qarm/ROS Examples/ros2/install/qarm_interfaces/lib/libqarm_interfaces__rosidl_typesupport_introspection_cpp.so" to ""
[5.014s] -- Installing: /home/quanser/Documents/Quanser_Academic_Resources/5_research/qarm/ROS Examples/ros2/install/qarm_interfaces/lib/libqarm_interfaces__rosidl_typesupport_cpp.so
[5.014s] -- Set non-toolchain portion of runtime path of "/home/quanser/Documents/Quanser_Academic_Resources/5_research/qarm/ROS Examples/ros2/install/qarm_interfaces/lib/libqarm_interfaces__rosidl_typesupport_cpp.so" to ""
[5.046s] Listing '/home/quanser/Documents/Quanser_Academic_Resources/5_research/qarm/ROS Examples/ros2/install/qarm_interfaces/lib/python3.12/site-packages/qarm_interfaces'...
[5.046s] Compiling '/home/quanser/Documents/Quanser_Academic_Resources/5_research/qarm/ROS Examples/ros2/install/qarm_interfaces/lib/python3.12/site-packages/qarm_interfaces/__init__.py'...
[5.046s] Listing '/home/quanser/Documents/Quanser_Academic_Resources/5_research/qarm/ROS Examples/ros2/install/qarm_interfaces/lib/python3.12/site-packages/qarm_interfaces/action'...
[5.046s] Compiling '/home/quanser/Documents/Quanser_Academic_Resources/5_research/qarm/ROS Examples/ros2/install/qarm_interfaces/lib/python3.12/site-packages/qarm_interfaces/action/__init__.py'...
[5.046s] Compiling '/home/quanser/Documents/Quanser_Academic_Resources/5_research/qarm/ROS Examples/ros2/install/qarm_interfaces/lib/python3.12/site-packages/qarm_interfaces/action/_move_q_arm.py'...
[5.046s] Listing '/home/quanser/Documents/Quanser_Academic_Resources/5_research/qarm/ROS Examples/ros2/install/qarm_interfaces/lib/python3.12/site-packages/qarm_interfaces/msg'...
[5.046s] Compiling '/home/quanser/Documents/Quanser_Academic_Resources/5_research/qarm/ROS Examples/ros2/install/qarm_interfaces/lib/python3.12/site-packages/qarm_interfaces/msg/__init__.py'...
[5.046s] Compiling '/home/quanser/Documents/Quanser_Academic_Resources/5_research/qarm/ROS Examples/ros2/install/qarm_interfaces/lib/python3.12/site-packages/qarm_interfaces/msg/_q_arm_diagnostics.py'...
[5.049s] -- Installing: /home/quanser/Documents/Quanser_Academic_Resources/5_research/qarm/ROS Examples/ros2/install/qarm_interfaces/lib/libqarm_interfaces__rosidl_generator_py.so
[5.049s] -- Set non-toolchain portion of runtime path of "/home/quanser/Documents/Quanser_Academic_Resources/5_research/qarm/ROS Examples/ros2/install/qarm_interfaces/lib/libqarm_interfaces__rosidl_generator_py.so" to ""
[5.049s] -- Installing: /home/quanser/Documents/Quanser_Academic_Resources/5_research/qarm/ROS Examples/ros2/install/qarm_interfaces/share/qarm_interfaces/cmake/export_qarm_interfaces__rosidl_generator_cExport.cmake
[5.050s] -- Installing: /home/quanser/Documents/Quanser_Academic_Resources/5_research/qarm/ROS Examples/ros2/install/qarm_interfaces/share/qarm_interfaces/cmake/export_qarm_interfaces__rosidl_generator_cExport-noconfig.cmake
[5.050s] -- Installing: /home/quanser/Documents/Quanser_Academic_Resources/5_research/qarm/ROS Examples/ros2/install/qarm_interfaces/share/qarm_interfaces/cmake/export_qarm_interfaces__rosidl_typesupport_fastrtps_cExport.cmake
[5.050s] -- Installing: /home/quanser/Documents/Quanser_Academic_Resources/5_research/qarm/ROS Examples/ros2/install/qarm_interfaces/share/qarm_interfaces/cmake/export_qarm_interfaces__rosidl_typesupport_fastrtps_cExport-noconfig.cmake
[5.050s] -- Installing: /home/quanser/Documents/Quanser_Academic_Resources/5_research/qarm/ROS Examples/ros2/install/qarm_interfaces/share/qarm_interfaces/cmake/export_qarm_interfaces__rosidl_generator_cppExport.cmake
[5.050s] -- Installing: /home/quanser/Documents/Quanser_Academic_Resources/5_research/qarm/ROS Examples/ros2/install/qarm_interfaces/share/qarm_interfaces/cmake/export_qarm_interfaces__rosidl_typesupport_fastrtps_cppExport.cmake
[5.050s] -- Installing: /home/quanser/Documents/Quanser_Academic_Resources/5_research/qarm/ROS Examples/ros2/install/qarm_interfaces/share/qarm_interfaces/cmake/export_qarm_interfaces__rosidl_typesupport_fastrtps_cppExport-noconfig.cmake
[5.050s] -- Installing: /home/quanser/Documents/Quanser_Academic_Resources/5_research/qarm/ROS Examples/ros2/install/qarm_interfaces/share/qarm_interfaces/cmake/qarm_interfaces__rosidl_typesupport_introspection_cExport.cmake
[5.050s] -- Installing: /home/quanser/Documents/Quanser_Academic_Resources/5_research/qarm/ROS Examples/ros2/install/qarm_interfaces/share/qarm_interfaces/cmake/qarm_interfaces__rosidl_typesupport_introspection_cExport-noconfig.cmake
[5.050s] -- Installing: /home/quanser/Documents/Quanser_Academic_Resources/5_research/qarm/ROS Examples/ros2/install/qarm_interfaces/share/qarm_interfaces/cmake/qarm_interfaces__rosidl_typesupport_cExport.cmake
[5.050s] -- Installing: /home/quanser/Documents/Quanser_Academic_Resources/5_research/qarm/ROS Examples/ros2/install/qarm_interfaces/share/qarm_interfaces/cmake/qarm_interfaces__rosidl_typesupport_cExport-noconfig.cmake
[5.050s] -- Installing: /home/quanser/Documents/Quanser_Academic_Resources/5_research/qarm/ROS Examples/ros2/install/qarm_interfaces/share/qarm_interfaces/cmake/qarm_interfaces__rosidl_typesupport_introspection_cppExport.cmake
[5.050s] -- Installing: /home/quanser/Documents/Quanser_Academic_Resources/5_research/qarm/ROS Examples/ros2/install/qarm_interfaces/share/qarm_interfaces/cmake/qarm_interfaces__rosidl_typesupport_introspection_cppExport-noconfig.cmake
[5.050s] -- Installing: /home/quanser/Documents/Quanser_Academic_Resources/5_research/qarm/ROS Examples/ros2/install/qarm_interfaces/share/qarm_interfaces/cmake/qarm_interfaces__rosidl_typesupport_cppExport.cmake
[5.050s] -- Installing: /home/quanser/Documents/Quanser_Academic_Resources/5_research/qarm/ROS Examples/ros2/install/qarm_interfaces/share/qarm_interfaces/cmake/qarm_interfaces__rosidl_typesupport_cppExport-noconfig.cmake
[5.050s] -- Installing: /home/quanser/Documents/Quanser_Academic_Resources/5_research/qarm/ROS Examples/ros2/install/qarm_interfaces/share/qarm_interfaces/cmake/export_qarm_interfaces__rosidl_generator_pyExport.cmake
[5.050s] -- Installing: /home/quanser/Documents/Quanser_Academic_Resources/5_research/qarm/ROS Examples/ros2/install/qarm_interfaces/share/qarm_interfaces/cmake/export_qarm_interfaces__rosidl_generator_pyExport-noconfig.cmake
[5.052s] Invoked command in '/home/quanser/Documents/Quanser_Academic_Resources/5_research/qarm/ROS Examples/ros2/build/qarm_interfaces' returned '0': CMAKE_PREFIX_PATH=${CMAKE_PREFIX_PATH}:/opt/ros/kilted DEBUGINFOD_URLS=https://debuginfod.ubuntu.com /usr/bin/cmake --install /home/quanser/Documents/Quanser_Academic_Resources/5_research/qarm/ROS Examples/ros2/build/qarm_interfaces
