[0.006s] Invoking command in '/home/quanser/Documents/Quanser_Academic_Resources/5_research/qarm/ROS Examples/ros2/build/qarm_interfaces': CMAKE_PREFIX_PATH=${CMAKE_PREFIX_PATH}:/home/quanser/Documents/Quanser_Academic_Resources/5_research/qarm/ROS Examples/ros2/install/qarm_nodes:/opt/ros/kilted DEBUGINFOD_URLS=https://debuginfod.ubuntu.com /usr/bin/cmake --build /home/quanser/Documents/Quanser_Academic_Resources/5_research/qarm/ROS Examples/ros2/build/qarm_interfaces -- -j20 -l20
[0.036s] [  2%] Built target qarm_interfaces__rs
[0.037s] [  4%] Built target qarm_interfaces__rosidl_generator_type_description
[0.042s] [  4%] Built target ament_cmake_python_symlink_qarm_interfaces
[0.050s] [  6%] Built target qarm_interfaces__cpp
[0.052s] [ 24%] Built target qarm_interfaces__rosidl_generator_c
[0.066s] [ 33%] Built target qarm_interfaces__rosidl_typesupport_c
[0.066s] [ 42%] Built target qarm_interfaces__rosidl_typesupport_cpp
[0.066s] [ 51%] Built target qarm_interfaces__rosidl_typesupport_introspection_cpp
[0.066s] [ 60%] Built target qarm_interfaces__rosidl_typesupport_fastrtps_c
[0.067s] [ 68%] Built target qarm_interfaces__rosidl_typesupport_introspection_c
[0.068s] [ 77%] Built target qarm_interfaces__rosidl_typesupport_fastrtps_cpp
[0.081s] [ 77%] Built target qarm_interfaces
[0.096s] [ 80%] Built target qarm_interfaces__py
[0.109s] [ 86%] Built target qarm_interfaces__rosidl_generator_py
[0.122s] [ 91%] Built target qarm_interfaces_s__rosidl_typesupport_introspection_c
[0.122s] [100%] Built target qarm_interfaces_s__rosidl_typesupport_fastrtps_c
[0.122s] [100%] Built target qarm_interfaces_s__rosidl_typesupport_c
[0.175s] running egg_info
[0.186s] writing qarm_interfaces.egg-info/PKG-INFO
[0.186s] writing dependency_links to qarm_interfaces.egg-info/dependency_links.txt
[0.186s] writing top-level names to qarm_interfaces.egg-info/top_level.txt
[0.218s] reading manifest file 'qarm_interfaces.egg-info/SOURCES.txt'
[0.218s] writing manifest file 'qarm_interfaces.egg-info/SOURCES.txt'
[0.235s] [100%] Built target ament_cmake_python_build_qarm_interfaces_egg
[0.243s] Invoked command in '/home/quanser/Documents/Quanser_Academic_Resources/5_research/qarm/ROS Examples/ros2/build/qarm_interfaces' returned '0': CMAKE_PREFIX_PATH=${CMAKE_PREFIX_PATH}:/home/quanser/Documents/Quanser_Academic_Resources/5_research/qarm/ROS Examples/ros2/install/qarm_nodes:/opt/ros/kilted DEBUGINFOD_URLS=https://debuginfod.ubuntu.com /usr/bin/cmake --build /home/quanser/Documents/Quanser_Academic_Resources/5_research/qarm/ROS Examples/ros2/build/qarm_interfaces -- -j20 -l20
[0.249s] Invoking command in '/home/quanser/Documents/Quanser_Academic_Resources/5_research/qarm/ROS Examples/ros2/build/qarm_interfaces': CMAKE_PREFIX_PATH=${CMAKE_PREFIX_PATH}:/home/quanser/Documents/Quanser_Academic_Resources/5_research/qarm/ROS Examples/ros2/install/qarm_nodes:/opt/ros/kilted DEBUGINFOD_URLS=https://debuginfod.ubuntu.com /usr/bin/cmake --install /home/quanser/Documents/Quanser_Academic_Resources/5_research/qarm/ROS Examples/ros2/build/qarm_interfaces
[0.253s] -- Install configuration: ""
[0.254s] -- Execute custom install script
[0.254s] -- Up-to-date symlink: /home/quanser/Documents/Quanser_Academic_Resources/5_research/qarm/ROS Examples/ros2/install/qarm_interfaces/share/ament_index/resource_index/rosidl_interfaces/qarm_interfaces
[0.254s] -- Up-to-date symlink: /home/quanser/Documents/Quanser_Academic_Resources/5_research/qarm/ROS Examples/ros2/install/qarm_interfaces/share/qarm_interfaces/msg/QArmDiagnostics.json
[0.254s] -- Up-to-date symlink: /home/quanser/Documents/Quanser_Academic_Resources/5_research/qarm/ROS Examples/ros2/install/qarm_interfaces/share/qarm_interfaces/action/MoveQArm.json
[0.254s] -- Up-to-date symlink: /home/quanser/Documents/Quanser_Academic_Resources/5_research/qarm/ROS Examples/ros2/install/qarm_interfaces/include/qarm_interfaces/qarm_interfaces/action/detail/move_q_arm__functions.h
[0.254s] -- Up-to-date symlink: /home/quanser/Documents/Quanser_Academic_Resources/5_research/qarm/ROS Examples/ros2/install/qarm_interfaces/include/qarm_interfaces/qarm_interfaces/action/detail/move_q_arm__struct.h
[0.254s] -- Up-to-date symlink: /home/quanser/Documents/Quanser_Academic_Resources/5_research/qarm/ROS Examples/ros2/install/qarm_interfaces/include/qarm_interfaces/qarm_interfaces/action/detail/move_q_arm__type_support.h
[0.254s] -- Up-to-date symlink: /home/quanser/Documents/Quanser_Academic_Resources/5_research/qarm/ROS Examples/ros2/install/qarm_interfaces/include/qarm_interfaces/qarm_interfaces/action/move_q_arm.h
[0.255s] -- Up-to-date symlink: /home/quanser/Documents/Quanser_Academic_Resources/5_research/qarm/ROS Examples/ros2/install/qarm_interfaces/include/qarm_interfaces/qarm_interfaces/msg/detail/q_arm_diagnostics__functions.h
[0.255s] -- Up-to-date symlink: /home/quanser/Documents/Quanser_Academic_Resources/5_research/qarm/ROS Examples/ros2/install/qarm_interfaces/include/qarm_interfaces/qarm_interfaces/msg/detail/q_arm_diagnostics__struct.h
[0.255s] -- Up-to-date symlink: /home/quanser/Documents/Quanser_Academic_Resources/5_research/qarm/ROS Examples/ros2/install/qarm_interfaces/include/qarm_interfaces/qarm_interfaces/msg/detail/q_arm_diagnostics__type_support.h
[0.255s] -- Up-to-date symlink: /home/quanser/Documents/Quanser_Academic_Resources/5_research/qarm/ROS Examples/ros2/install/qarm_interfaces/include/qarm_interfaces/qarm_interfaces/msg/q_arm_diagnostics.h
[0.255s] -- Up-to-date symlink: /home/quanser/Documents/Quanser_Academic_Resources/5_research/qarm/ROS Examples/ros2/install/qarm_interfaces/include/qarm_interfaces/qarm_interfaces/msg/rosidl_generator_c__visibility_control.h
[0.255s] -- Up-to-date symlink: /home/quanser/Documents/Quanser_Academic_Resources/5_research/qarm/ROS Examples/ros2/install/qarm_interfaces/share/qarm_interfaces/environment/library_path.sh
[0.255s] -- Up-to-date symlink: /home/quanser/Documents/Quanser_Academic_Resources/5_research/qarm/ROS Examples/ros2/install/qarm_interfaces/share/qarm_interfaces/environment/library_path.dsv
[0.255s] -- Up-to-date symlink: /home/quanser/Documents/Quanser_Academic_Resources/5_research/qarm/ROS Examples/ros2/install/qarm_interfaces/include/qarm_interfaces/qarm_interfaces/action/detail/move_q_arm__rosidl_typesupport_fastrtps_c.h
[0.256s] -- Up-to-date symlink: /home/quanser/Documents/Quanser_Academic_Resources/5_research/qarm/ROS Examples/ros2/install/qarm_interfaces/include/qarm_interfaces/qarm_interfaces/msg/detail/q_arm_diagnostics__rosidl_typesupport_fastrtps_c.h
[0.256s] -- Up-to-date symlink: /home/quanser/Documents/Quanser_Academic_Resources/5_research/qarm/ROS Examples/ros2/install/qarm_interfaces/include/qarm_interfaces/qarm_interfaces/msg/rosidl_typesupport_fastrtps_c__visibility_control.h
[0.256s] -- Up-to-date symlink: /home/quanser/Documents/Quanser_Academic_Resources/5_research/qarm/ROS Examples/ros2/install/qarm_interfaces/include/qarm_interfaces/qarm_interfaces/action/detail/move_q_arm__builder.hpp
[0.256s] -- Up-to-date symlink: /home/quanser/Documents/Quanser_Academic_Resources/5_research/qarm/ROS Examples/ros2/install/qarm_interfaces/include/qarm_interfaces/qarm_interfaces/action/detail/move_q_arm__struct.hpp
[0.256s] -- Up-to-date symlink: /home/quanser/Documents/Quanser_Academic_Resources/5_research/qarm/ROS Examples/ros2/install/qarm_interfaces/include/qarm_interfaces/qarm_interfaces/action/detail/move_q_arm__traits.hpp
[0.256s] -- Up-to-date symlink: /home/quanser/Documents/Quanser_Academic_Resources/5_research/qarm/ROS Examples/ros2/install/qarm_interfaces/include/qarm_interfaces/qarm_interfaces/action/detail/move_q_arm__type_support.hpp
[0.256s] -- Up-to-date symlink: /home/quanser/Documents/Quanser_Academic_Resources/5_research/qarm/ROS Examples/ros2/install/qarm_interfaces/include/qarm_interfaces/qarm_interfaces/action/move_q_arm.hpp
[0.256s] -- Up-to-date symlink: /home/quanser/Documents/Quanser_Academic_Resources/5_research/qarm/ROS Examples/ros2/install/qarm_interfaces/include/qarm_interfaces/qarm_interfaces/msg/detail/q_arm_diagnostics__builder.hpp
[0.256s] -- Up-to-date symlink: /home/quanser/Documents/Quanser_Academic_Resources/5_research/qarm/ROS Examples/ros2/install/qarm_interfaces/include/qarm_interfaces/qarm_interfaces/msg/detail/q_arm_diagnostics__struct.hpp
[0.257s] -- Up-to-date symlink: /home/quanser/Documents/Quanser_Academic_Resources/5_research/qarm/ROS Examples/ros2/install/qarm_interfaces/include/qarm_interfaces/qarm_interfaces/msg/detail/q_arm_diagnostics__traits.hpp
[0.257s] -- Up-to-date symlink: /home/quanser/Documents/Quanser_Academic_Resources/5_research/qarm/ROS Examples/ros2/install/qarm_interfaces/include/qarm_interfaces/qarm_interfaces/msg/detail/q_arm_diagnostics__type_support.hpp
[0.257s] -- Up-to-date symlink: /home/quanser/Documents/Quanser_Academic_Resources/5_research/qarm/ROS Examples/ros2/install/qarm_interfaces/include/qarm_interfaces/qarm_interfaces/msg/q_arm_diagnostics.hpp
[0.257s] -- Up-to-date symlink: /home/quanser/Documents/Quanser_Academic_Resources/5_research/qarm/ROS Examples/ros2/install/qarm_interfaces/include/qarm_interfaces/qarm_interfaces/msg/rosidl_generator_cpp__visibility_control.hpp
[0.257s] -- Up-to-date symlink: /home/quanser/Documents/Quanser_Academic_Resources/5_research/qarm/ROS Examples/ros2/install/qarm_interfaces/include/qarm_interfaces/qarm_interfaces/action/detail/move_q_arm__rosidl_typesupport_fastrtps_cpp.hpp
[0.257s] -- Up-to-date symlink: /home/quanser/Documents/Quanser_Academic_Resources/5_research/qarm/ROS Examples/ros2/install/qarm_interfaces/include/qarm_interfaces/qarm_interfaces/msg/detail/q_arm_diagnostics__rosidl_typesupport_fastrtps_cpp.hpp
[0.257s] -- Up-to-date symlink: /home/quanser/Documents/Quanser_Academic_Resources/5_research/qarm/ROS Examples/ros2/install/qarm_interfaces/include/qarm_interfaces/qarm_interfaces/msg/rosidl_typesupport_fastrtps_cpp__visibility_control.h
[0.257s] -- Up-to-date symlink: /home/quanser/Documents/Quanser_Academic_Resources/5_research/qarm/ROS Examples/ros2/install/qarm_interfaces/include/qarm_interfaces/qarm_interfaces/action/detail/move_q_arm__rosidl_typesupport_introspection_c.h
[0.257s] -- Up-to-date symlink: /home/quanser/Documents/Quanser_Academic_Resources/5_research/qarm/ROS Examples/ros2/install/qarm_interfaces/include/qarm_interfaces/qarm_interfaces/msg/detail/q_arm_diagnostics__rosidl_typesupport_introspection_c.h
[0.257s] -- Up-to-date symlink: /home/quanser/Documents/Quanser_Academic_Resources/5_research/qarm/ROS Examples/ros2/install/qarm_interfaces/include/qarm_interfaces/qarm_interfaces/msg/rosidl_typesupport_introspection_c__visibility_control.h
[0.257s] -- Up-to-date symlink: /home/quanser/Documents/Quanser_Academic_Resources/5_research/qarm/ROS Examples/ros2/install/qarm_interfaces/include/qarm_interfaces/qarm_interfaces/action/detail/move_q_arm__rosidl_typesupport_introspection_cpp.hpp
[0.257s] -- Up-to-date symlink: /home/quanser/Documents/Quanser_Academic_Resources/5_research/qarm/ROS Examples/ros2/install/qarm_interfaces/include/qarm_interfaces/qarm_interfaces/msg/detail/q_arm_diagnostics__rosidl_typesupport_introspection_cpp.hpp
[0.258s] -- Up-to-date symlink: /home/quanser/Documents/Quanser_Academic_Resources/5_research/qarm/ROS Examples/ros2/install/qarm_interfaces/share/qarm_interfaces/environment/pythonpath.sh
[0.258s] -- Up-to-date symlink: /home/quanser/Documents/Quanser_Academic_Resources/5_research/qarm/ROS Examples/ros2/install/qarm_interfaces/share/qarm_interfaces/environment/pythonpath.dsv
[0.258s] -- Up-to-date symlink: /home/quanser/Documents/Quanser_Academic_Resources/5_research/qarm/ROS Examples/ros2/install/qarm_interfaces/lib/python3.12/site-packages/qarm_interfaces-0.0.0-py3.12.egg-info/PKG-INFO
[0.258s] -- Up-to-date symlink: /home/quanser/Documents/Quanser_Academic_Resources/5_research/qarm/ROS Examples/ros2/install/qarm_interfaces/lib/python3.12/site-packages/qarm_interfaces-0.0.0-py3.12.egg-info/SOURCES.txt
[0.258s] -- Up-to-date symlink: /home/quanser/Documents/Quanser_Academic_Resources/5_research/qarm/ROS Examples/ros2/install/qarm_interfaces/lib/python3.12/site-packages/qarm_interfaces-0.0.0-py3.12.egg-info/dependency_links.txt
[0.258s] -- Up-to-date symlink: /home/quanser/Documents/Quanser_Academic_Resources/5_research/qarm/ROS Examples/ros2/install/qarm_interfaces/lib/python3.12/site-packages/qarm_interfaces-0.0.0-py3.12.egg-info/top_level.txt
[0.258s] -- Up-to-date symlink: /home/quanser/Documents/Quanser_Academic_Resources/5_research/qarm/ROS Examples/ros2/install/qarm_interfaces/lib/python3.12/site-packages/qarm_interfaces/__init__.py
[0.258s] -- Up-to-date symlink: /home/quanser/Documents/Quanser_Academic_Resources/5_research/qarm/ROS Examples/ros2/install/qarm_interfaces/lib/python3.12/site-packages/qarm_interfaces/_qarm_interfaces_s.ep.rosidl_typesupport_c.c
[0.258s] -- Up-to-date symlink: /home/quanser/Documents/Quanser_Academic_Resources/5_research/qarm/ROS Examples/ros2/install/qarm_interfaces/lib/python3.12/site-packages/qarm_interfaces/_qarm_interfaces_s.ep.rosidl_typesupport_fastrtps_c.c
[0.258s] -- Up-to-date symlink: /home/quanser/Documents/Quanser_Academic_Resources/5_research/qarm/ROS Examples/ros2/install/qarm_interfaces/lib/python3.12/site-packages/qarm_interfaces/_qarm_interfaces_s.ep.rosidl_typesupport_introspection_c.c
[0.259s] -- Up-to-date symlink: /home/quanser/Documents/Quanser_Academic_Resources/5_research/qarm/ROS Examples/ros2/install/qarm_interfaces/lib/python3.12/site-packages/qarm_interfaces/action/__init__.py
[0.259s] -- Up-to-date symlink: /home/quanser/Documents/Quanser_Academic_Resources/5_research/qarm/ROS Examples/ros2/install/qarm_interfaces/lib/python3.12/site-packages/qarm_interfaces/action/_move_q_arm.py
[0.259s] -- Up-to-date symlink: /home/quanser/Documents/Quanser_Academic_Resources/5_research/qarm/ROS Examples/ros2/install/qarm_interfaces/lib/python3.12/site-packages/qarm_interfaces/action/_move_q_arm_s.c
[0.259s] -- Up-to-date symlink: /home/quanser/Documents/Quanser_Academic_Resources/5_research/qarm/ROS Examples/ros2/install/qarm_interfaces/lib/python3.12/site-packages/qarm_interfaces/msg/__init__.py
[0.259s] -- Up-to-date symlink: /home/quanser/Documents/Quanser_Academic_Resources/5_research/qarm/ROS Examples/ros2/install/qarm_interfaces/lib/python3.12/site-packages/qarm_interfaces/msg/_q_arm_diagnostics.py
[0.259s] -- Up-to-date symlink: /home/quanser/Documents/Quanser_Academic_Resources/5_research/qarm/ROS Examples/ros2/install/qarm_interfaces/lib/python3.12/site-packages/qarm_interfaces/msg/_q_arm_diagnostics_s.c
[0.259s] -- Up-to-date symlink: /home/quanser/Documents/Quanser_Academic_Resources/5_research/qarm/ROS Examples/ros2/install/qarm_interfaces/lib/python3.12/site-packages/qarm_interfaces/qarm_interfaces_s__rosidl_typesupport_c.so
[0.259s] -- Up-to-date symlink: /home/quanser/Documents/Quanser_Academic_Resources/5_research/qarm/ROS Examples/ros2/install/qarm_interfaces/lib/python3.12/site-packages/qarm_interfaces/qarm_interfaces_s__rosidl_typesupport_fastrtps_c.so
[0.259s] -- Up-to-date symlink: /home/quanser/Documents/Quanser_Academic_Resources/5_research/qarm/ROS Examples/ros2/install/qarm_interfaces/lib/python3.12/site-packages/qarm_interfaces/qarm_interfaces_s__rosidl_typesupport_introspection_c.so
[0.259s] -- Up-to-date symlink: /home/quanser/Documents/Quanser_Academic_Resources/5_research/qarm/ROS Examples/ros2/install/qarm_interfaces/lib/python3.12/site-packages/qarm_interfaces/qarm_interfaces_s__rosidl_typesupport_fastrtps_c.so
[0.259s] -- Up-to-date symlink: /home/quanser/Documents/Quanser_Academic_Resources/5_research/qarm/ROS Examples/ros2/install/qarm_interfaces/lib/python3.12/site-packages/qarm_interfaces/qarm_interfaces_s__rosidl_typesupport_introspection_c.so
[0.259s] -- Up-to-date symlink: /home/quanser/Documents/Quanser_Academic_Resources/5_research/qarm/ROS Examples/ros2/install/qarm_interfaces/lib/python3.12/site-packages/qarm_interfaces/qarm_interfaces_s__rosidl_typesupport_c.so
[0.259s] -- Up-to-date symlink: /home/quanser/Documents/Quanser_Academic_Resources/5_research/qarm/ROS Examples/ros2/install/qarm_interfaces/share/ament_index/resource_index/rust_packages/qarm_interfaces
[0.259s] -- Up-to-date symlink: /home/quanser/Documents/Quanser_Academic_Resources/5_research/qarm/ROS Examples/ros2/install/qarm_interfaces/share/qarm_interfaces/rust/Cargo.toml
[0.259s] -- Up-to-date symlink: /home/quanser/Documents/Quanser_Academic_Resources/5_research/qarm/ROS Examples/ros2/install/qarm_interfaces/share/qarm_interfaces/rust/build.rs
[0.259s] -- Up-to-date symlink: /home/quanser/Documents/Quanser_Academic_Resources/5_research/qarm/ROS Examples/ros2/install/qarm_interfaces/share/qarm_interfaces/rust/src/action.rs
[0.260s] -- Up-to-date symlink: /home/quanser/Documents/Quanser_Academic_Resources/5_research/qarm/ROS Examples/ros2/install/qarm_interfaces/share/qarm_interfaces/rust/src/action/rmw.rs
[0.260s] -- Up-to-date symlink: /home/quanser/Documents/Quanser_Academic_Resources/5_research/qarm/ROS Examples/ros2/install/qarm_interfaces/share/qarm_interfaces/rust/src/lib.rs
[0.260s] -- Up-to-date symlink: /home/quanser/Documents/Quanser_Academic_Resources/5_research/qarm/ROS Examples/ros2/install/qarm_interfaces/share/qarm_interfaces/rust/src/msg.rs
[0.260s] -- Up-to-date symlink: /home/quanser/Documents/Quanser_Academic_Resources/5_research/qarm/ROS Examples/ros2/install/qarm_interfaces/share/qarm_interfaces/rust/src/msg/rmw.rs
[0.260s] -- Up-to-date symlink: /home/quanser/Documents/Quanser_Academic_Resources/5_research/qarm/ROS Examples/ros2/install/qarm_interfaces/share/qarm_interfaces/msg/QArmDiagnostics.idl
[0.260s] -- Up-to-date symlink: /home/quanser/Documents/Quanser_Academic_Resources/5_research/qarm/ROS Examples/ros2/install/qarm_interfaces/share/qarm_interfaces/action/MoveQArm.idl
[0.260s] -- Up-to-date symlink: /home/quanser/Documents/Quanser_Academic_Resources/5_research/qarm/ROS Examples/ros2/install/qarm_interfaces/share/qarm_interfaces/msg/QArmDiagnostics.msg
[0.260s] -- Up-to-date symlink: /home/quanser/Documents/Quanser_Academic_Resources/5_research/qarm/ROS Examples/ros2/install/qarm_interfaces/share/qarm_interfaces/action/MoveQArm.action
[0.260s] -- Up-to-date symlink: /home/quanser/Documents/Quanser_Academic_Resources/5_research/qarm/ROS Examples/ros2/install/qarm_interfaces/share/ament_index/resource_index/package_run_dependencies/qarm_interfaces
[0.260s] -- Up-to-date symlink: /home/quanser/Documents/Quanser_Academic_Resources/5_research/qarm/ROS Examples/ros2/install/qarm_interfaces/share/ament_index/resource_index/parent_prefix_path/qarm_interfaces
[0.260s] -- Up-to-date symlink: /home/quanser/Documents/Quanser_Academic_Resources/5_research/qarm/ROS Examples/ros2/install/qarm_interfaces/share/qarm_interfaces/environment/ament_prefix_path.sh
[0.261s] -- Up-to-date symlink: /home/quanser/Documents/Quanser_Academic_Resources/5_research/qarm/ROS Examples/ros2/install/qarm_interfaces/share/qarm_interfaces/environment/ament_prefix_path.dsv
[0.261s] -- Up-to-date symlink: /home/quanser/Documents/Quanser_Academic_Resources/5_research/qarm/ROS Examples/ros2/install/qarm_interfaces/share/qarm_interfaces/environment/path.sh
[0.261s] -- Up-to-date symlink: /home/quanser/Documents/Quanser_Academic_Resources/5_research/qarm/ROS Examples/ros2/install/qarm_interfaces/share/qarm_interfaces/environment/path.dsv
[0.261s] -- Up-to-date symlink: /home/quanser/Documents/Quanser_Academic_Resources/5_research/qarm/ROS Examples/ros2/install/qarm_interfaces/share/qarm_interfaces/local_setup.bash
[0.261s] -- Up-to-date symlink: /home/quanser/Documents/Quanser_Academic_Resources/5_research/qarm/ROS Examples/ros2/install/qarm_interfaces/share/qarm_interfaces/local_setup.sh
[0.261s] -- Up-to-date symlink: /home/quanser/Documents/Quanser_Academic_Resources/5_research/qarm/ROS Examples/ros2/install/qarm_interfaces/share/qarm_interfaces/local_setup.zsh
[0.261s] -- Up-to-date symlink: /home/quanser/Documents/Quanser_Academic_Resources/5_research/qarm/ROS Examples/ros2/install/qarm_interfaces/share/qarm_interfaces/local_setup.dsv
[0.261s] -- Symlinking: /home/quanser/Documents/Quanser_Academic_Resources/5_research/qarm/ROS Examples/ros2/install/qarm_interfaces/share/qarm_interfaces/package.dsv
[0.268s] -- Up-to-date symlink: /home/quanser/Documents/Quanser_Academic_Resources/5_research/qarm/ROS Examples/ros2/install/qarm_interfaces/share/ament_index/resource_index/packages/qarm_interfaces
[0.268s] -- Up-to-date symlink: /home/quanser/Documents/Quanser_Academic_Resources/5_research/qarm/ROS Examples/ros2/install/qarm_interfaces/share/qarm_interfaces/cmake/rosidl_cmake-extras.cmake
[0.268s] -- Up-to-date symlink: /home/quanser/Documents/Quanser_Academic_Resources/5_research/qarm/ROS Examples/ros2/install/qarm_interfaces/share/qarm_interfaces/cmake/ament_cmake_export_dependencies-extras.cmake
[0.268s] -- Up-to-date symlink: /home/quanser/Documents/Quanser_Academic_Resources/5_research/qarm/ROS Examples/ros2/install/qarm_interfaces/share/qarm_interfaces/cmake/ament_cmake_export_include_directories-extras.cmake
[0.268s] -- Up-to-date symlink: /home/quanser/Documents/Quanser_Academic_Resources/5_research/qarm/ROS Examples/ros2/install/qarm_interfaces/share/qarm_interfaces/cmake/ament_cmake_export_libraries-extras.cmake
[0.268s] -- Up-to-date symlink: /home/quanser/Documents/Quanser_Academic_Resources/5_research/qarm/ROS Examples/ros2/install/qarm_interfaces/share/qarm_interfaces/cmake/ament_cmake_export_targets-extras.cmake
[0.268s] -- Up-to-date symlink: /home/quanser/Documents/Quanser_Academic_Resources/5_research/qarm/ROS Examples/ros2/install/qarm_interfaces/share/qarm_interfaces/cmake/rosidl_cmake_export_typesupport_targets-extras.cmake
[0.268s] -- Up-to-date symlink: /home/quanser/Documents/Quanser_Academic_Resources/5_research/qarm/ROS Examples/ros2/install/qarm_interfaces/share/qarm_interfaces/cmake/rosidl_cmake_export_typesupport_libraries-extras.cmake
[0.268s] -- Up-to-date symlink: /home/quanser/Documents/Quanser_Academic_Resources/5_research/qarm/ROS Examples/ros2/install/qarm_interfaces/share/qarm_interfaces/cmake/qarm_interfacesConfig.cmake
[0.268s] -- Up-to-date symlink: /home/quanser/Documents/Quanser_Academic_Resources/5_research/qarm/ROS Examples/ros2/install/qarm_interfaces/share/qarm_interfaces/cmake/qarm_interfacesConfig-version.cmake
[0.269s] -- Up-to-date symlink: /home/quanser/Documents/Quanser_Academic_Resources/5_research/qarm/ROS Examples/ros2/install/qarm_interfaces/share/qarm_interfaces/package.xml
[0.269s] -- Up-to-date: /home/quanser/Documents/Quanser_Academic_Resources/5_research/qarm/ROS Examples/ros2/install/qarm_interfaces/lib/libqarm_interfaces__rosidl_generator_c.so
[0.269s] -- Up-to-date: /home/quanser/Documents/Quanser_Academic_Resources/5_research/qarm/ROS Examples/ros2/install/qarm_interfaces/lib/libqarm_interfaces__rosidl_typesupport_fastrtps_c.so
[0.269s] -- Up-to-date: /home/quanser/Documents/Quanser_Academic_Resources/5_research/qarm/ROS Examples/ros2/install/qarm_interfaces/lib/libqarm_interfaces__rosidl_typesupport_fastrtps_cpp.so
[0.269s] -- Up-to-date: /home/quanser/Documents/Quanser_Academic_Resources/5_research/qarm/ROS Examples/ros2/install/qarm_interfaces/lib/libqarm_interfaces__rosidl_typesupport_introspection_c.so
[0.269s] -- Up-to-date: /home/quanser/Documents/Quanser_Academic_Resources/5_research/qarm/ROS Examples/ros2/install/qarm_interfaces/lib/libqarm_interfaces__rosidl_typesupport_c.so
[0.269s] -- Up-to-date: /home/quanser/Documents/Quanser_Academic_Resources/5_research/qarm/ROS Examples/ros2/install/qarm_interfaces/lib/libqarm_interfaces__rosidl_typesupport_introspection_cpp.so
[0.269s] -- Up-to-date: /home/quanser/Documents/Quanser_Academic_Resources/5_research/qarm/ROS Examples/ros2/install/qarm_interfaces/lib/libqarm_interfaces__rosidl_typesupport_cpp.so
[0.292s] Listing '/home/quanser/Documents/Quanser_Academic_Resources/5_research/qarm/ROS Examples/ros2/install/qarm_interfaces/lib/python3.12/site-packages/qarm_interfaces'...
[0.292s] Listing '/home/quanser/Documents/Quanser_Academic_Resources/5_research/qarm/ROS Examples/ros2/install/qarm_interfaces/lib/python3.12/site-packages/qarm_interfaces/action'...
[0.292s] Listing '/home/quanser/Documents/Quanser_Academic_Resources/5_research/qarm/ROS Examples/ros2/install/qarm_interfaces/lib/python3.12/site-packages/qarm_interfaces/msg'...
[0.295s] -- Up-to-date: /home/quanser/Documents/Quanser_Academic_Resources/5_research/qarm/ROS Examples/ros2/install/qarm_interfaces/lib/libqarm_interfaces__rosidl_generator_py.so
[0.295s] -- Up-to-date: /home/quanser/Documents/Quanser_Academic_Resources/5_research/qarm/ROS Examples/ros2/install/qarm_interfaces/share/qarm_interfaces/cmake/export_qarm_interfaces__rosidl_generator_cExport.cmake
[0.296s] -- Up-to-date: /home/quanser/Documents/Quanser_Academic_Resources/5_research/qarm/ROS Examples/ros2/install/qarm_interfaces/share/qarm_interfaces/cmake/export_qarm_interfaces__rosidl_generator_cExport-noconfig.cmake
[0.296s] -- Up-to-date: /home/quanser/Documents/Quanser_Academic_Resources/5_research/qarm/ROS Examples/ros2/install/qarm_interfaces/share/qarm_interfaces/cmake/export_qarm_interfaces__rosidl_typesupport_fastrtps_cExport.cmake
[0.296s] -- Up-to-date: /home/quanser/Documents/Quanser_Academic_Resources/5_research/qarm/ROS Examples/ros2/install/qarm_interfaces/share/qarm_interfaces/cmake/export_qarm_interfaces__rosidl_typesupport_fastrtps_cExport-noconfig.cmake
[0.296s] -- Up-to-date: /home/quanser/Documents/Quanser_Academic_Resources/5_research/qarm/ROS Examples/ros2/install/qarm_interfaces/share/qarm_interfaces/cmake/export_qarm_interfaces__rosidl_generator_cppExport.cmake
[0.296s] -- Up-to-date: /home/quanser/Documents/Quanser_Academic_Resources/5_research/qarm/ROS Examples/ros2/install/qarm_interfaces/share/qarm_interfaces/cmake/export_qarm_interfaces__rosidl_typesupport_fastrtps_cppExport.cmake
[0.296s] -- Up-to-date: /home/quanser/Documents/Quanser_Academic_Resources/5_research/qarm/ROS Examples/ros2/install/qarm_interfaces/share/qarm_interfaces/cmake/export_qarm_interfaces__rosidl_typesupport_fastrtps_cppExport-noconfig.cmake
[0.296s] -- Up-to-date: /home/quanser/Documents/Quanser_Academic_Resources/5_research/qarm/ROS Examples/ros2/install/qarm_interfaces/share/qarm_interfaces/cmake/qarm_interfaces__rosidl_typesupport_introspection_cExport.cmake
[0.296s] -- Up-to-date: /home/quanser/Documents/Quanser_Academic_Resources/5_research/qarm/ROS Examples/ros2/install/qarm_interfaces/share/qarm_interfaces/cmake/qarm_interfaces__rosidl_typesupport_introspection_cExport-noconfig.cmake
[0.296s] -- Up-to-date: /home/quanser/Documents/Quanser_Academic_Resources/5_research/qarm/ROS Examples/ros2/install/qarm_interfaces/share/qarm_interfaces/cmake/qarm_interfaces__rosidl_typesupport_cExport.cmake
[0.296s] -- Up-to-date: /home/quanser/Documents/Quanser_Academic_Resources/5_research/qarm/ROS Examples/ros2/install/qarm_interfaces/share/qarm_interfaces/cmake/qarm_interfaces__rosidl_typesupport_cExport-noconfig.cmake
[0.296s] -- Up-to-date: /home/quanser/Documents/Quanser_Academic_Resources/5_research/qarm/ROS Examples/ros2/install/qarm_interfaces/share/qarm_interfaces/cmake/qarm_interfaces__rosidl_typesupport_introspection_cppExport.cmake
[0.296s] -- Up-to-date: /home/quanser/Documents/Quanser_Academic_Resources/5_research/qarm/ROS Examples/ros2/install/qarm_interfaces/share/qarm_interfaces/cmake/qarm_interfaces__rosidl_typesupport_introspection_cppExport-noconfig.cmake
[0.296s] -- Up-to-date: /home/quanser/Documents/Quanser_Academic_Resources/5_research/qarm/ROS Examples/ros2/install/qarm_interfaces/share/qarm_interfaces/cmake/qarm_interfaces__rosidl_typesupport_cppExport.cmake
[0.296s] -- Up-to-date: /home/quanser/Documents/Quanser_Academic_Resources/5_research/qarm/ROS Examples/ros2/install/qarm_interfaces/share/qarm_interfaces/cmake/qarm_interfaces__rosidl_typesupport_cppExport-noconfig.cmake
[0.296s] -- Up-to-date: /home/quanser/Documents/Quanser_Academic_Resources/5_research/qarm/ROS Examples/ros2/install/qarm_interfaces/share/qarm_interfaces/cmake/export_qarm_interfaces__rosidl_generator_pyExport.cmake
[0.296s] -- Up-to-date: /home/quanser/Documents/Quanser_Academic_Resources/5_research/qarm/ROS Examples/ros2/install/qarm_interfaces/share/qarm_interfaces/cmake/export_qarm_interfaces__rosidl_generator_pyExport-noconfig.cmake
[0.297s] Invoked command in '/home/quanser/Documents/Quanser_Academic_Resources/5_research/qarm/ROS Examples/ros2/build/qarm_interfaces' returned '0': CMAKE_PREFIX_PATH=${CMAKE_PREFIX_PATH}:/home/quanser/Documents/Quanser_Academic_Resources/5_research/qarm/ROS Examples/ros2/install/qarm_nodes:/opt/ros/kilted DEBUGINFOD_URLS=https://debuginfod.ubuntu.com /usr/bin/cmake --install /home/quanser/Documents/Quanser_Academic_Resources/5_research/qarm/ROS Examples/ros2/build/qarm_interfaces
